
Allocating common symbols
Common symbol       size              file

p2                  0x4               build/kmain.o
sp_svc              0x4               build/syscall.o
kernel_heap_limit   0x4               build/kheap.o
kmain_process       0x5c              build/sched.o
p1                  0x4               build/kmain.o
kernel_heap_top     0x4               build/kheap.o
p3                  0x4               build/kmain.o
current_process     0x4               build/sched.o
terminated_process  0x4               build/sched.o
uart_error          0x4               build/uart.o

Memory Configuration

Name             Origin             Length             Attributes
RAM              0x0000000000008000 0x000000001fff8000
PERIPHERALS      0x0000000020000000 0x0000000000ffffff
*default*        0x0000000000000000 0xffffffffffffffff

Linker script and memory map

LOAD build/kheap.o
LOAD build/syscall.o
LOAD build/init.o
LOAD build/hw.o
LOAD build/uart.o
LOAD build/sched.o
LOAD build/pwm.o
LOAD build/asm_tools.o
LOAD build/util.o
LOAD build/kmain.o
                0x0000000000000200                KERNEL_STACK_SIZE = 0x200
                0x0000000000000200                SYS_STACK_SIZE = 0x200
                0x0000000000000200                IRQ_STACK_SIZE = 0x200
                0x0000000000100000                USER_STACKS_SIZE = 0x100000

.text           0x0000000000008000     0x1d94
 build/init.o(.text*)
 .text          0x0000000000008000        0x0 build/init.o
 .text.boot     0x0000000000008000       0xd0 build/init.o
                0x0000000000008040                _start
                0x00000000000080a8                io_halt
 *(.text*)
 .text          0x00000000000080d0      0x390 build/kheap.o
                0x00000000000080d0                aligned_value
                0x000000000000811c                kAlloc_aligned
                0x00000000000082e4                kAlloc
                0x00000000000083e0                kFree
                0x0000000000008430                kheap_init
 .text          0x0000000000008460      0x7b0 build/syscall.o
                0x0000000000008460                C_swi_handler
                0x00000000000084fc                C_irq_handler
                0x0000000000008524                sys_reboot
                0x0000000000008534                do_sys_reboot
                0x0000000000008540                sys_nop
                0x0000000000008550                do_sys_nop
                0x0000000000008558                sys_settime
                0x000000000000857c                do_sys_settime
                0x00000000000085ac                sys_gettime
                0x00000000000085d4                do_sys_gettime
                0x0000000000008634                sys_yieldto
                0x0000000000008658                do_sys_yieldto
                0x00000000000087d0                sys_yield
                0x00000000000087e0                do_sys_yield
                0x0000000000008938                sys_exit
                0x000000000000895c                do_sys_exit
                0x0000000000008a4c                do_sys_irq_yield
 .text          0x0000000000008c10      0x454 build/hw.o
                0x0000000000008c10                divide
                0x0000000000008cc8                get_date_ms
                0x0000000000008cec                set_date_ms
                0x0000000000008d90                routing_core0cntv_to_core0irq
                0x0000000000008dac                read_core0timer_pending
                0x0000000000008dd4                enable_cntv
                0x0000000000008df4                disable_cntv
                0x0000000000008e14                write_cntv_tval
                0x0000000000008e30                read_cntfrq
                0x0000000000008e4c                clear_and_set_timer
                0x0000000000008e80                timer_init
                0x0000000000008e98                led_on
                0x0000000000008ed8                led_off
                0x0000000000008f18                led_switch
                0x0000000000008f48                led_status
                0x0000000000008f5c                led_init
                0x0000000000008f94                led_blink
                0x000000000000902c                hw_init
                0x0000000000009040                terminate_kernel
 .text          0x0000000000009064      0x664 build/uart.o
                0x0000000000009064                uart_init
                0x0000000000009198                uart_send_str
                0x0000000000009234                uart_send_int
                0x0000000000009408                uart_receive_str
                0x00000000000094e4                uart_receive_int
                0x0000000000009694                uart_is_receive_fifo_empty
 .text          0x00000000000096c8      0x3a0 build/sched.o
                0x00000000000096c8                sched_init
                0x0000000000009718                create_process
                0x0000000000009868                elect
                0x0000000000009948                start_current_process
                0x000000000000997c                insert_terminated_pcb
 .text          0x0000000000009a68      0x24c build/pwm.o
                0x0000000000009c20                audio_test
 .text          0x0000000000009cb4       0x48 build/asm_tools.o
                0x0000000000009cb4                Set32
                0x0000000000009cbc                Get32
                0x0000000000009cc4                delay
                0x0000000000009cd8                memory_barrier
                0x0000000000009cf0                invalidate_cache
 .text          0x0000000000009cfc       0x10 build/util.o
                0x0000000000009cfc                kernel_panic
 .text          0x0000000000009d0c       0x88 build/kmain.o
                0x0000000000009d0c                user_process
                0x0000000000009d28                kmain
                0x0000000000009d94                __bss_start = .

.glue_7         0x0000000000009d94        0x0
 .glue_7        0x0000000000009d94        0x0 linker stubs

.glue_7t        0x0000000000009d94        0x0
 .glue_7t       0x0000000000009d94        0x0 linker stubs

.vfp11_veneer   0x0000000000009d94        0x0
 .vfp11_veneer  0x0000000000009d94        0x0 linker stubs

.v4_bx          0x0000000000009d94        0x0
 .v4_bx         0x0000000000009d94        0x0 linker stubs

.iplt           0x0000000000009d94        0x0
 .iplt          0x0000000000009d94        0x0 build/kheap.o

.bss            0x0000000000009d94       0x8c
 *(.bss*)
 .bss           0x0000000000009d94        0x4 build/kheap.o
                0x0000000000009d94                freelist
 .bss           0x0000000000009d98        0x0 build/syscall.o
 .bss           0x0000000000009d98        0x0 build/init.o
 .bss           0x0000000000009d98        0x8 build/hw.o
 .bss           0x0000000000009da0        0x0 build/uart.o
 .bss           0x0000000000009da0        0x0 build/sched.o
 .bss           0x0000000000009da0        0x0 build/pwm.o
 .bss           0x0000000000009da0        0x0 build/asm_tools.o
 .bss           0x0000000000009da0        0x0 build/util.o
 .bss           0x0000000000009da0        0x0 build/kmain.o
 COMMON         0x0000000000009da0        0x8 build/kheap.o
                0x0000000000009da0                kernel_heap_limit
                0x0000000000009da4                kernel_heap_top
 COMMON         0x0000000000009da8        0x4 build/syscall.o
                0x0000000000009da8                sp_svc
 COMMON         0x0000000000009dac        0x4 build/uart.o
                0x0000000000009dac                uart_error
 COMMON         0x0000000000009db0       0x64 build/sched.o
                0x0000000000009db0                kmain_process
                0x0000000000009e0c                current_process
                0x0000000000009e10                terminated_process
 COMMON         0x0000000000009e14        0xc build/kmain.o
                0x0000000000009e14                p2
                0x0000000000009e18                p1
                0x0000000000009e1c                p3
                0x0000000000009e20                __bss_end__ = .
                0x0000000000009e20                __rodata_start__ = .

.rodata         0x0000000000009e20       0x50
 *(.rodata*)
 .rodata        0x0000000000009e20        0xe build/syscall.o
 *fill*         0x0000000000009e2e        0x2 
 .rodata        0x0000000000009e30       0x15 build/hw.o
 *fill*         0x0000000000009e45        0x3 
 .rodata        0x0000000000009e48       0x28 build/uart.o
                0x0000000000009e70                __rodata_end__ = .
                0x0000000000009e70                __data_start__ = .

.rel.dyn        0x0000000000009e70        0x0
 .rel.iplt      0x0000000000009e70        0x0 build/kheap.o

.data           0x0000000000009e70        0xc
 *(.data)
 .data          0x0000000000009e70        0x0 build/kheap.o
 .data          0x0000000000009e70        0x0 build/syscall.o
 .data          0x0000000000009e70        0x0 build/init.o
 .data          0x0000000000009e70        0x0 build/hw.o
 .data          0x0000000000009e70        0x0 build/uart.o
 .data          0x0000000000009e70        0x0 build/sched.o
 .data          0x0000000000009e70        0xc build/pwm.o
 .data          0x0000000000009e7c        0x0 build/asm_tools.o
 .data          0x0000000000009e7c        0x0 build/util.o
 .data          0x0000000000009e7c        0x0 build/kmain.o
                0x0000000000009e7c                __data_end__ = .

.igot.plt       0x0000000000009e7c        0x0
 .igot.plt      0x0000000000009e7c        0x0 build/kheap.o

.stack          0x0000000000009e7c      0x600
                0x0000000000009e7c                __stack_start__ = .
                0x000000000000a07c                . = (. + KERNEL_STACK_SIZE)
 *fill*         0x0000000000009e7c      0x200 
                0x000000000000a07c                . = ALIGN (0x4)
                0x000000000000a07c                __svc_stack_end__ = .
                0x000000000000a27c                . = (. + SYS_STACK_SIZE)
 *fill*         0x000000000000a07c      0x200 
                0x000000000000a27c                . = ALIGN (0x4)
                0x000000000000a27c                __sys_stack_end__ = .
                0x000000000000a47c                . = (. + IRQ_STACK_SIZE)
 *fill*         0x000000000000a27c      0x200 
                0x000000000000a47c                . = ALIGN (0x4)
                0x000000000000a47c                __irq_stack_end__ = .
                0x000000000000a47c                __stacks_end__ = .
                0x000000000000b000                . = ALIGN (0x1000)
                0x000000000000b000                __kernel_heap_start__ = .
                0x0000000000ffffff                . = 0xffffff
                0x0000000000ffffff                __kernel_heap_end__ = .
                0x0000000001000000                . = ALIGN (0x1000)
                0x0000000001000000                __after_kernel_heap__ = .
                0x0000000020000000                . = 0x20000000

.devices        0x0000000020000000   0xffffff
                0x0000000020000000                __devices_start__ = .
                0x0000000020ffffff                . = (. + 0xffffff)
 *fill*         0x0000000020000000   0xffffff 
                0x0000000020ffffff                __devices_end__ = .
OUTPUT(build/kernel.elf elf32-littlearm)

.debug_info     0x0000000000000000     0x13d7
 .debug_info    0x0000000000000000      0x2cc build/kheap.o
 .debug_info    0x00000000000002cc      0x44f build/syscall.o
 .debug_info    0x000000000000071b       0x26 build/init.o
 .debug_info    0x0000000000000741      0x394 build/hw.o
 .debug_info    0x0000000000000ad5      0x266 build/uart.o
 .debug_info    0x0000000000000d3b      0x2a2 build/sched.o
 .debug_info    0x0000000000000fdd      0x153 build/pwm.o
 .debug_info    0x0000000000001130       0x26 build/asm_tools.o
 .debug_info    0x0000000000001156       0x6c build/util.o
 .debug_info    0x00000000000011c2      0x215 build/kmain.o

.debug_abbrev   0x0000000000000000      0x913
 .debug_abbrev  0x0000000000000000      0x154 build/kheap.o
 .debug_abbrev  0x0000000000000154      0x192 build/syscall.o
 .debug_abbrev  0x00000000000002e6       0x14 build/init.o
 .debug_abbrev  0x00000000000002fa      0x1a7 build/hw.o
 .debug_abbrev  0x00000000000004a1      0x117 build/uart.o
 .debug_abbrev  0x00000000000005b8      0x146 build/sched.o
 .debug_abbrev  0x00000000000006fe       0xbe build/pwm.o
 .debug_abbrev  0x00000000000007bc       0x14 build/asm_tools.o
 .debug_abbrev  0x00000000000007d0       0x5c build/util.o
 .debug_abbrev  0x000000000000082c       0xe7 build/kmain.o

.debug_aranges  0x0000000000000000      0x140
 .debug_aranges
                0x0000000000000000       0x20 build/kheap.o
 .debug_aranges
                0x0000000000000020       0x20 build/syscall.o
 .debug_aranges
                0x0000000000000040       0x20 build/init.o
 .debug_aranges
                0x0000000000000060       0x20 build/hw.o
 .debug_aranges
                0x0000000000000080       0x20 build/uart.o
 .debug_aranges
                0x00000000000000a0       0x20 build/sched.o
 .debug_aranges
                0x00000000000000c0       0x20 build/pwm.o
 .debug_aranges
                0x00000000000000e0       0x20 build/asm_tools.o
 .debug_aranges
                0x0000000000000100       0x20 build/util.o
 .debug_aranges
                0x0000000000000120       0x20 build/kmain.o

.debug_line     0x0000000000000000      0x7d6
 .debug_line    0x0000000000000000       0xed build/kheap.o
 .debug_line    0x00000000000000ed      0x1aa build/syscall.o
 .debug_line    0x0000000000000297       0x6c build/init.o
 .debug_line    0x0000000000000303      0x104 build/hw.o
 .debug_line    0x0000000000000407      0x102 build/uart.o
 .debug_line    0x0000000000000509       0xdc build/sched.o
 .debug_line    0x00000000000005e5       0x84 build/pwm.o
 .debug_line    0x0000000000000669       0x4e build/asm_tools.o
 .debug_line    0x00000000000006b7       0x3d build/util.o
 .debug_line    0x00000000000006f4       0xe2 build/kmain.o

.debug_str      0x0000000000000000      0x6fe
 .debug_str     0x0000000000000000      0x252 build/kheap.o
                                        0x28d (size before relaxing)
 .debug_str     0x0000000000000252       0xfb build/syscall.o
                                        0x35f (size before relaxing)
 .debug_str     0x000000000000034d       0x1a build/init.o
                                         0x4c (size before relaxing)
 .debug_str     0x0000000000000367      0x173 build/hw.o
                                        0x2e9 (size before relaxing)
 .debug_str     0x00000000000004da       0xb2 build/uart.o
                                        0x20c (size before relaxing)
 .debug_str     0x000000000000058c       0x92 build/sched.o
                                        0x2e4 (size before relaxing)
 .debug_str     0x000000000000061e       0x4d build/pwm.o
                                        0x1a9 (size before relaxing)
 .debug_str     0x000000000000066b       0x10 build/asm_tools.o
                                         0x51 (size before relaxing)
 .debug_str     0x000000000000067b       0x26 build/util.o
                                         0xec (size before relaxing)
 .debug_str     0x00000000000006a1       0x5d build/kmain.o
                                        0x29f (size before relaxing)

.comment        0x0000000000000000       0x5a
 .comment       0x0000000000000000       0x5a build/kheap.o
                                         0x5b (size before relaxing)
 .comment       0x000000000000005a       0x5b build/syscall.o
 .comment       0x000000000000005a       0x5b build/hw.o
 .comment       0x000000000000005a       0x5b build/uart.o
 .comment       0x000000000000005a       0x5b build/sched.o
 .comment       0x000000000000005a       0x5b build/pwm.o
 .comment       0x000000000000005a       0x5b build/util.o
 .comment       0x000000000000005a       0x5b build/kmain.o

.ARM.attributes
                0x0000000000000000       0x39
 .ARM.attributes
                0x0000000000000000       0x3b build/kheap.o
 .ARM.attributes
                0x000000000000003b       0x3b build/syscall.o
 .ARM.attributes
                0x0000000000000076       0x16 build/init.o
 .ARM.attributes
                0x000000000000008c       0x3b build/hw.o
 .ARM.attributes
                0x00000000000000c7       0x3b build/uart.o
 .ARM.attributes
                0x0000000000000102       0x3b build/sched.o
 .ARM.attributes
                0x000000000000013d       0x3b build/pwm.o
 .ARM.attributes
                0x0000000000000178       0x12 build/asm_tools.o
 .ARM.attributes
                0x000000000000018a       0x3b build/util.o
 .ARM.attributes
                0x00000000000001c5       0x3b build/kmain.o

.debug_frame    0x0000000000000000      0x640
 .debug_frame   0x0000000000000000       0x9c build/kheap.o
 .debug_frame   0x000000000000009c      0x184 build/syscall.o
 .debug_frame   0x0000000000000220      0x21c build/hw.o
 .debug_frame   0x000000000000043c       0xb0 build/uart.o
 .debug_frame   0x00000000000004ec       0x94 build/sched.o
 .debug_frame   0x0000000000000580       0x60 build/pwm.o
 .debug_frame   0x00000000000005e0       0x24 build/util.o
 .debug_frame   0x0000000000000604       0x3c build/kmain.o

.debug_ranges   0x0000000000000000       0x18
 .debug_ranges  0x0000000000000000       0x18 build/sched.o
