
Allocating common symbols
Common symbol       size              file

p2                  0x4               build/kmain.o
sp_svc              0x4               build/syscall.o
kernel_heap_limit   0x4               build/kheap.o
kmain_process       0x40              build/sched.o
p1                  0x4               build/kmain.o
kernel_heap_top     0x4               build/kheap.o
current_process     0x4               build/sched.o
uart_error          0x4               build/uart.o

Memory Configuration

Name             Origin             Length             Attributes
RAM              0x0000000000008000 0x000000001fff8000
PERIPHERALS      0x0000000020000000 0x0000000000ffffff
*default*        0x0000000000000000 0xffffffffffffffff

Linker script and memory map

LOAD build/kheap.o
LOAD build/syscall.o
LOAD build/init.o
LOAD build/hw.o
LOAD build/uart.o
LOAD build/sched.o
LOAD build/pwm.o
LOAD build/asm_tools.o
LOAD build/util.o
LOAD build/kmain.o
                0x0000000000000200                KERNEL_STACK_SIZE = 0x200
                0x0000000000000200                SYS_STACK_SIZE = 0x200
                0x0000000000000200                IRQ_STACK_SIZE = 0x200
                0x0000000000100000                USER_STACKS_SIZE = 0x100000

.text           0x0000000000008000     0x1650
 build/init.o(.text*)
 .text          0x0000000000008000        0x0 build/init.o
 .text.boot     0x0000000000008000       0xd8 build/init.o
                0x0000000000008040                _start
                0x00000000000080a8                io_halt
 *(.text*)
 .text          0x00000000000080d8      0x390 build/kheap.o
                0x00000000000080d8                aligned_value
                0x0000000000008124                kAlloc_aligned
                0x00000000000082ec                kAlloc
                0x00000000000083e8                kFree
                0x0000000000008438                kheap_init
 .text          0x0000000000008468      0x330 build/syscall.o
                0x0000000000008468                C_swi_handler
                0x00000000000084ec                sys_reboot
                0x00000000000084fc                do_sys_reboot
                0x0000000000008508                sys_nop
                0x0000000000008518                do_sys_nop
                0x0000000000008520                sys_settime
                0x0000000000008544                do_sys_settime
                0x0000000000008574                sys_gettime
                0x000000000000859c                do_sys_gettime
                0x00000000000085fc                sys_yieldto
                0x0000000000008620                do_sys_yieldto
 .text          0x0000000000008798      0x454 build/hw.o
                0x0000000000008798                divide
                0x0000000000008850                get_date_ms
                0x0000000000008874                set_date_ms
                0x0000000000008918                routing_core0cntv_to_core0irq
                0x0000000000008934                read_core0timer_pending
                0x000000000000895c                enable_cntv
                0x000000000000897c                disable_cntv
                0x000000000000899c                write_cntv_tval
                0x00000000000089b8                read_cntfrq
                0x00000000000089d4                clear_and_set_timer
                0x0000000000008a08                timer_init
                0x0000000000008a20                led_on
                0x0000000000008a60                led_off
                0x0000000000008aa0                led_switch
                0x0000000000008ad0                led_status
                0x0000000000008ae4                led_init
                0x0000000000008b1c                led_blink
                0x0000000000008bb4                hw_init
                0x0000000000008bc8                terminate_kernel
 .text          0x0000000000008bec      0x664 build/uart.o
                0x0000000000008bec                uart_init
                0x0000000000008d20                uart_send_str
                0x0000000000008dbc                uart_send_int
                0x0000000000008f90                uart_receive_str
                0x000000000000906c                uart_receive_int
                0x000000000000921c                uart_is_receive_fifo_empty
 .text          0x0000000000009250       0x84 build/sched.o
                0x0000000000009250                sched_init
                0x0000000000009274                create_process
 .text          0x00000000000092d4      0x24c build/pwm.o
                0x000000000000948c                audio_test
 .text          0x0000000000009520       0x48 build/asm_tools.o
                0x0000000000009520                Set32
                0x0000000000009528                Get32
                0x0000000000009530                delay
                0x0000000000009544                memory_barrier
                0x000000000000955c                invalidate_cache
 .text          0x0000000000009568       0x10 build/util.o
                0x0000000000009568                kernel_panic
 .text          0x0000000000009578       0xd8 build/kmain.o
                0x0000000000009578                user_process_1
                0x00000000000095ac                user_process_2
                0x00000000000095e0                kmain
                0x0000000000009650                __bss_start = .

.glue_7         0x0000000000009650        0x0
 .glue_7        0x0000000000009650        0x0 linker stubs

.glue_7t        0x0000000000009650        0x0
 .glue_7t       0x0000000000009650        0x0 linker stubs

.vfp11_veneer   0x0000000000009650        0x0
 .vfp11_veneer  0x0000000000009650        0x0 linker stubs

.v4_bx          0x0000000000009650        0x0
 .v4_bx         0x0000000000009650        0x0 linker stubs

.iplt           0x0000000000009650        0x0
 .iplt          0x0000000000009650        0x0 build/kheap.o

.bss            0x0000000000009650       0x68
 *(.bss*)
 .bss           0x0000000000009650        0x4 build/kheap.o
                0x0000000000009650                freelist
 .bss           0x0000000000009654        0x0 build/syscall.o
 .bss           0x0000000000009654        0x0 build/init.o
 .bss           0x0000000000009654        0x8 build/hw.o
 .bss           0x000000000000965c        0x0 build/uart.o
 .bss           0x000000000000965c        0x0 build/sched.o
 .bss           0x000000000000965c        0x0 build/pwm.o
 .bss           0x000000000000965c        0x0 build/asm_tools.o
 .bss           0x000000000000965c        0x0 build/util.o
 .bss           0x000000000000965c        0x0 build/kmain.o
 COMMON         0x000000000000965c        0x8 build/kheap.o
                0x000000000000965c                kernel_heap_limit
                0x0000000000009660                kernel_heap_top
 COMMON         0x0000000000009664        0x4 build/syscall.o
                0x0000000000009664                sp_svc
 COMMON         0x0000000000009668        0x4 build/uart.o
                0x0000000000009668                uart_error
 COMMON         0x000000000000966c       0x44 build/sched.o
                0x000000000000966c                kmain_process
                0x00000000000096ac                current_process
 COMMON         0x00000000000096b0        0x8 build/kmain.o
                0x00000000000096b0                p2
                0x00000000000096b4                p1
                0x00000000000096b8                __bss_end__ = .
                0x00000000000096b8                __rodata_start__ = .

.rodata         0x00000000000096b8       0x97
 *(.rodata*)
 .rodata        0x00000000000096b8        0xe build/syscall.o
 *fill*         0x00000000000096c6        0x2 
 .rodata        0x00000000000096c8       0x15 build/hw.o
 *fill*         0x00000000000096dd        0x3 
 .rodata        0x00000000000096e0       0x28 build/uart.o
 .rodata        0x0000000000009708       0x47 build/kmain.o
                0x000000000000974f                __rodata_end__ = .
                0x000000000000974f                __data_start__ = .

.rel.dyn        0x0000000000009750        0x0
 .rel.iplt      0x0000000000009750        0x0 build/kheap.o

.data           0x0000000000009750        0xc
 *(.data)
 .data          0x0000000000009750        0x0 build/kheap.o
 .data          0x0000000000009750        0x0 build/syscall.o
 .data          0x0000000000009750        0x0 build/init.o
 .data          0x0000000000009750        0x0 build/hw.o
 .data          0x0000000000009750        0x0 build/uart.o
 .data          0x0000000000009750        0x0 build/sched.o
 .data          0x0000000000009750        0xc build/pwm.o
 .data          0x000000000000975c        0x0 build/asm_tools.o
 .data          0x000000000000975c        0x0 build/util.o
 .data          0x000000000000975c        0x0 build/kmain.o
                0x000000000000975c                __data_end__ = .

.igot.plt       0x000000000000975c        0x0
 .igot.plt      0x000000000000975c        0x0 build/kheap.o

.stack          0x000000000000975c      0x600
                0x000000000000975c                __stack_start__ = .
                0x000000000000995c                . = (. + KERNEL_STACK_SIZE)
 *fill*         0x000000000000975c      0x200 
                0x000000000000995c                . = ALIGN (0x4)
                0x000000000000995c                __svc_stack_end__ = .
                0x0000000000009b5c                . = (. + SYS_STACK_SIZE)
 *fill*         0x000000000000995c      0x200 
                0x0000000000009b5c                . = ALIGN (0x4)
                0x0000000000009b5c                __sys_stack_end__ = .
                0x0000000000009d5c                . = (. + IRQ_STACK_SIZE)
 *fill*         0x0000000000009b5c      0x200 
                0x0000000000009d5c                . = ALIGN (0x4)
                0x0000000000009d5c                __irq_stack_end__ = .
                0x0000000000009d5c                __stacks_end__ = .
                0x000000000000a000                . = ALIGN (0x1000)
                0x000000000000a000                __kernel_heap_start__ = .
                0x0000000000ffffff                . = 0xffffff
                0x0000000000ffffff                __kernel_heap_end__ = .
                0x0000000001000000                . = ALIGN (0x1000)
                0x0000000001000000                __after_kernel_heap__ = .
                0x0000000020000000                . = 0x20000000

.devices        0x0000000020000000   0xffffff
                0x0000000020000000                __devices_start__ = .
                0x0000000020ffffff                . = (. + 0xffffff)
 *fill*         0x0000000020000000   0xffffff 
                0x0000000020ffffff                __devices_end__ = .
OUTPUT(build/kernel.elf elf32-littlearm)

.debug_info     0x0000000000000000     0x1146
 .debug_info    0x0000000000000000      0x2cc build/kheap.o
 .debug_info    0x00000000000002cc      0x2e6 build/syscall.o
 .debug_info    0x00000000000005b2       0x26 build/init.o
 .debug_info    0x00000000000005d8      0x394 build/hw.o
 .debug_info    0x000000000000096c      0x266 build/uart.o
 .debug_info    0x0000000000000bd2      0x1c0 build/sched.o
 .debug_info    0x0000000000000d92      0x153 build/pwm.o
 .debug_info    0x0000000000000ee5       0x26 build/asm_tools.o
 .debug_info    0x0000000000000f0b       0x6c build/util.o
 .debug_info    0x0000000000000f77      0x1cf build/kmain.o

.debug_abbrev   0x0000000000000000      0x8c9
 .debug_abbrev  0x0000000000000000      0x154 build/kheap.o
 .debug_abbrev  0x0000000000000154      0x17a build/syscall.o
 .debug_abbrev  0x00000000000002ce       0x14 build/init.o
 .debug_abbrev  0x00000000000002e2      0x1a7 build/hw.o
 .debug_abbrev  0x0000000000000489      0x117 build/uart.o
 .debug_abbrev  0x00000000000005a0       0xfc build/sched.o
 .debug_abbrev  0x000000000000069c       0xbe build/pwm.o
 .debug_abbrev  0x000000000000075a       0x14 build/asm_tools.o
 .debug_abbrev  0x000000000000076e       0x5c build/util.o
 .debug_abbrev  0x00000000000007ca       0xff build/kmain.o

.debug_aranges  0x0000000000000000      0x140
 .debug_aranges
                0x0000000000000000       0x20 build/kheap.o
 .debug_aranges
                0x0000000000000020       0x20 build/syscall.o
 .debug_aranges
                0x0000000000000040       0x20 build/init.o
 .debug_aranges
                0x0000000000000060       0x20 build/hw.o
 .debug_aranges
                0x0000000000000080       0x20 build/uart.o
 .debug_aranges
                0x00000000000000a0       0x20 build/sched.o
 .debug_aranges
                0x00000000000000c0       0x20 build/pwm.o
 .debug_aranges
                0x00000000000000e0       0x20 build/asm_tools.o
 .debug_aranges
                0x0000000000000100       0x20 build/util.o
 .debug_aranges
                0x0000000000000120       0x20 build/kmain.o

.debug_line     0x0000000000000000      0x703
 .debug_line    0x0000000000000000       0xed build/kheap.o
 .debug_line    0x00000000000000ed      0x106 build/syscall.o
 .debug_line    0x00000000000001f3       0x6e build/init.o
 .debug_line    0x0000000000000261      0x104 build/hw.o
 .debug_line    0x0000000000000365      0x102 build/uart.o
 .debug_line    0x0000000000000467       0x93 build/sched.o
 .debug_line    0x00000000000004fa       0x84 build/pwm.o
 .debug_line    0x000000000000057e       0x4e build/asm_tools.o
 .debug_line    0x00000000000005cc       0x3d build/util.o
 .debug_line    0x0000000000000609       0xfa build/kmain.o

.debug_str      0x0000000000000000      0x662
 .debug_str     0x0000000000000000      0x252 build/kheap.o
                                        0x28d (size before relaxing)
 .debug_str     0x0000000000000252       0xa2 build/syscall.o
                                        0x2d6 (size before relaxing)
 .debug_str     0x00000000000002f4       0x1a build/init.o
                                         0x4c (size before relaxing)
 .debug_str     0x000000000000030e      0x173 build/hw.o
                                        0x2e9 (size before relaxing)
 .debug_str     0x0000000000000481       0xb2 build/uart.o
                                        0x20c (size before relaxing)
 .debug_str     0x0000000000000533       0x41 build/sched.o
                                        0x251 (size before relaxing)
 .debug_str     0x0000000000000574       0x4d build/pwm.o
                                        0x1a9 (size before relaxing)
 .debug_str     0x00000000000005c1       0x10 build/asm_tools.o
                                         0x51 (size before relaxing)
 .debug_str     0x00000000000005d1       0x26 build/util.o
                                         0xec (size before relaxing)
 .debug_str     0x00000000000005f7       0x6b build/kmain.o
                                        0x27d (size before relaxing)

.comment        0x0000000000000000       0x5a
 .comment       0x0000000000000000       0x5a build/kheap.o
                                         0x5b (size before relaxing)
 .comment       0x000000000000005a       0x5b build/syscall.o
 .comment       0x000000000000005a       0x5b build/hw.o
 .comment       0x000000000000005a       0x5b build/uart.o
 .comment       0x000000000000005a       0x5b build/sched.o
 .comment       0x000000000000005a       0x5b build/pwm.o
 .comment       0x000000000000005a       0x5b build/util.o
 .comment       0x000000000000005a       0x5b build/kmain.o

.ARM.attributes
                0x0000000000000000       0x39
 .ARM.attributes
                0x0000000000000000       0x3b build/kheap.o
 .ARM.attributes
                0x000000000000003b       0x3b build/syscall.o
 .ARM.attributes
                0x0000000000000076       0x16 build/init.o
 .ARM.attributes
                0x000000000000008c       0x3b build/hw.o
 .ARM.attributes
                0x00000000000000c7       0x3b build/uart.o
 .ARM.attributes
                0x0000000000000102       0x3b build/sched.o
 .ARM.attributes
                0x000000000000013d       0x3b build/pwm.o
 .ARM.attributes
                0x0000000000000178       0x12 build/asm_tools.o
 .ARM.attributes
                0x000000000000018a       0x3b build/util.o
 .ARM.attributes
                0x00000000000001c5       0x3b build/kmain.o

.debug_frame    0x0000000000000000      0x580
 .debug_frame   0x0000000000000000       0x9c build/kheap.o
 .debug_frame   0x000000000000009c       0xf8 build/syscall.o
 .debug_frame   0x0000000000000194      0x21c build/hw.o
 .debug_frame   0x00000000000003b0       0xb0 build/uart.o
 .debug_frame   0x0000000000000460       0x44 build/sched.o
 .debug_frame   0x00000000000004a4       0x60 build/pwm.o
 .debug_frame   0x0000000000000504       0x24 build/util.o
 .debug_frame   0x0000000000000528       0x58 build/kmain.o
