
Allocating common symbols
Common symbol       size              file

sp_svc              0x4               build/syscall.o
kernel_heap_limit   0x4               build/kheap.o
kmain_process       0x5c              build/sched.o
kernel_heap_top     0x4               build/kheap.o
current_process     0x4               build/sched.o
terminated_process  0x4               build/sched.o
uart_error          0x4               build/uart.o

Memory Configuration

Name             Origin             Length             Attributes
RAM              0x0000000000008000 0x000000001fff8000
PERIPHERALS      0x0000000020000000 0x0000000000ffffff
*default*        0x0000000000000000 0xffffffffffffffff

Linker script and memory map

LOAD build/kheap.o
LOAD build/syscall.o
LOAD build/vmem.o
LOAD build/hw.o
LOAD build/uart.o
LOAD build/sched.o
LOAD build/pwm.o
LOAD build/asm_tools.o
LOAD build/util.o
LOAD build/init.o
LOAD build/kmain.o
                0x0000000000000200                KERNEL_STACK_SIZE = 0x200
                0x0000000000000200                SYS_STACK_SIZE = 0x200
                0x0000000000000200                IRQ_STACK_SIZE = 0x200
                0x0000000000100000                USER_STACKS_SIZE = 0x100000

.text           0x0000000000008000     0x21c8
 build/init.o(.text*)
 .text          0x0000000000008000        0x0 build/init.o
 .text.boot     0x0000000000008000       0xd0 build/init.o
                0x0000000000008040                _start
                0x00000000000080a8                io_halt
 *(.text*)
 .text          0x00000000000080d0      0x390 build/kheap.o
                0x00000000000080d0                aligned_value
                0x000000000000811c                kAlloc_aligned
                0x00000000000082e4                kAlloc
                0x00000000000083e0                kFree
                0x0000000000008430                kheap_init
 .text          0x0000000000008460      0x7b0 build/syscall.o
                0x0000000000008460                C_swi_handler
                0x00000000000084fc                C_irq_handler
                0x0000000000008524                sys_reboot
                0x0000000000008534                do_sys_reboot
                0x0000000000008540                sys_nop
                0x0000000000008550                do_sys_nop
                0x0000000000008558                sys_settime
                0x000000000000857c                do_sys_settime
                0x00000000000085ac                sys_gettime
                0x00000000000085d4                do_sys_gettime
                0x0000000000008634                sys_yieldto
                0x0000000000008658                do_sys_yieldto
                0x00000000000087d0                sys_yield
                0x00000000000087e0                do_sys_yield
                0x0000000000008938                sys_exit
                0x000000000000895c                do_sys_exit
                0x0000000000008a4c                do_sys_irq_yield
 .text          0x0000000000008c10      0x42c build/vmem.o
                0x0000000000008c10                vmem_init
                0x0000000000008c50                init_kern_translation_table
                0x0000000000008edc                start_mmu_C
                0x0000000000008f10                configure_mmu_C
                0x0000000000008f3c                vmem_translate
 .text          0x000000000000903c      0x454 build/hw.o
                0x000000000000903c                divide
                0x00000000000090f4                get_date_ms
                0x0000000000009118                set_date_ms
                0x00000000000091bc                routing_core0cntv_to_core0irq
                0x00000000000091d8                read_core0timer_pending
                0x0000000000009200                enable_cntv
                0x0000000000009220                disable_cntv
                0x0000000000009240                write_cntv_tval
                0x000000000000925c                read_cntfrq
                0x0000000000009278                clear_and_set_timer
                0x00000000000092ac                timer_init
                0x00000000000092c4                led_on
                0x0000000000009304                led_off
                0x0000000000009344                led_switch
                0x0000000000009374                led_status
                0x0000000000009388                led_init
                0x00000000000093c0                led_blink
                0x0000000000009458                hw_init
                0x000000000000946c                terminate_kernel
 .text          0x0000000000009490      0x664 build/uart.o
                0x0000000000009490                uart_init
                0x00000000000095c4                uart_send_str
                0x0000000000009660                uart_send_int
                0x0000000000009834                uart_receive_str
                0x0000000000009910                uart_receive_int
                0x0000000000009ac0                uart_is_receive_fifo_empty
 .text          0x0000000000009af4      0x3a0 build/sched.o
                0x0000000000009af4                sched_init
                0x0000000000009b44                create_process
                0x0000000000009c94                elect
                0x0000000000009d74                start_current_process
                0x0000000000009da8                insert_terminated_pcb
 .text          0x0000000000009e94      0x24c build/pwm.o
                0x000000000000a04c                audio_test
 .text          0x000000000000a0e0       0x48 build/asm_tools.o
                0x000000000000a0e0                Set32
                0x000000000000a0e8                Get32
                0x000000000000a0f0                delay
                0x000000000000a104                memory_barrier
                0x000000000000a11c                invalidate_cache
 .text          0x000000000000a128       0x10 build/util.o
                0x000000000000a128                kernel_panic
 .text          0x000000000000a138       0x90 build/kmain.o
                0x000000000000a138                user_process_1
                0x000000000000a154                user_process_2
                0x000000000000a170                user_process_3
                0x000000000000a18c                kmain
                0x000000000000a1c8                __bss_start = .

.glue_7         0x000000000000a1c8        0x0
 .glue_7        0x000000000000a1c8        0x0 linker stubs

.glue_7t        0x000000000000a1c8        0x0
 .glue_7t       0x000000000000a1c8        0x0 linker stubs

.vfp11_veneer   0x000000000000a1c8        0x0
 .vfp11_veneer  0x000000000000a1c8        0x0 linker stubs

.v4_bx          0x000000000000a1c8        0x0
 .v4_bx         0x000000000000a1c8        0x0 linker stubs

.iplt           0x000000000000a1c8        0x0
 .iplt          0x000000000000a1c8        0x0 build/kheap.o

.bss            0x000000000000a1c8       0x80
 *(.bss*)
 .bss           0x000000000000a1c8        0x4 build/kheap.o
                0x000000000000a1c8                freelist
 .bss           0x000000000000a1cc        0x0 build/syscall.o
 .bss           0x000000000000a1cc        0x0 build/vmem.o
 .bss           0x000000000000a1cc        0x8 build/hw.o
 .bss           0x000000000000a1d4        0x0 build/uart.o
 .bss           0x000000000000a1d4        0x0 build/sched.o
 .bss           0x000000000000a1d4        0x0 build/pwm.o
 .bss           0x000000000000a1d4        0x0 build/asm_tools.o
 .bss           0x000000000000a1d4        0x0 build/util.o
 .bss           0x000000000000a1d4        0x0 build/init.o
 .bss           0x000000000000a1d4        0x0 build/kmain.o
 COMMON         0x000000000000a1d4        0x8 build/kheap.o
                0x000000000000a1d4                kernel_heap_limit
                0x000000000000a1d8                kernel_heap_top
 COMMON         0x000000000000a1dc        0x4 build/syscall.o
                0x000000000000a1dc                sp_svc
 COMMON         0x000000000000a1e0        0x4 build/uart.o
                0x000000000000a1e0                uart_error
 COMMON         0x000000000000a1e4       0x64 build/sched.o
                0x000000000000a1e4                kmain_process
                0x000000000000a240                current_process
                0x000000000000a244                terminated_process
                0x000000000000a248                __bss_end__ = .
                0x000000000000a248                __rodata_start__ = .

.rodata         0x000000000000a248       0x50
 *(.rodata*)
 .rodata        0x000000000000a248        0xe build/syscall.o
 *fill*         0x000000000000a256        0x2 
 .rodata        0x000000000000a258       0x15 build/hw.o
 *fill*         0x000000000000a26d        0x3 
 .rodata        0x000000000000a270       0x28 build/uart.o
                0x000000000000a298                __rodata_end__ = .
                0x000000000000a298                __data_start__ = .

.rel.dyn        0x000000000000a298        0x0
 .rel.iplt      0x000000000000a298        0x0 build/kheap.o

.data           0x000000000000a298        0xc
 *(.data)
 .data          0x000000000000a298        0x0 build/kheap.o
 .data          0x000000000000a298        0x0 build/syscall.o
 .data          0x000000000000a298        0x0 build/vmem.o
 .data          0x000000000000a298        0x0 build/hw.o
 .data          0x000000000000a298        0x0 build/uart.o
 .data          0x000000000000a298        0x0 build/sched.o
 .data          0x000000000000a298        0xc build/pwm.o
 .data          0x000000000000a2a4        0x0 build/asm_tools.o
 .data          0x000000000000a2a4        0x0 build/util.o
 .data          0x000000000000a2a4        0x0 build/init.o
 .data          0x000000000000a2a4        0x0 build/kmain.o
                0x000000000000a2a4                __data_end__ = .

.igot.plt       0x000000000000a2a4        0x0
 .igot.plt      0x000000000000a2a4        0x0 build/kheap.o

.stack          0x000000000000a2a4      0x600
                0x000000000000a2a4                __stack_start__ = .
                0x000000000000a4a4                . = (. + KERNEL_STACK_SIZE)
 *fill*         0x000000000000a2a4      0x200 
                0x000000000000a4a4                . = ALIGN (0x4)
                0x000000000000a4a4                __svc_stack_end__ = .
                0x000000000000a6a4                . = (. + SYS_STACK_SIZE)
 *fill*         0x000000000000a4a4      0x200 
                0x000000000000a6a4                . = ALIGN (0x4)
                0x000000000000a6a4                __sys_stack_end__ = .
                0x000000000000a8a4                . = (. + IRQ_STACK_SIZE)
 *fill*         0x000000000000a6a4      0x200 
                0x000000000000a8a4                . = ALIGN (0x4)
                0x000000000000a8a4                __irq_stack_end__ = .
                0x000000000000a8a4                __stacks_end__ = .
                0x000000000000b000                . = ALIGN (0x1000)
                0x000000000000b000                __kernel_heap_start__ = .
                0x0000000000ffffff                . = 0xffffff
                0x0000000000ffffff                __kernel_heap_end__ = .
                0x0000000001000000                . = ALIGN (0x1000)
                0x0000000001000000                __after_kernel_heap__ = .
                0x0000000020000000                . = 0x20000000

.devices        0x0000000020000000   0xffffff
                0x0000000020000000                __devices_start__ = .
                0x0000000020ffffff                . = (. + 0xffffff)
 *fill*         0x0000000020000000   0xffffff 
                0x0000000020ffffff                __devices_end__ = .
OUTPUT(build/kernel.elf elf32-littlearm)

.debug_info     0x0000000000000000     0x1666
 .debug_info    0x0000000000000000      0x2cc build/kheap.o
 .debug_info    0x00000000000002cc      0x44f build/syscall.o
 .debug_info    0x000000000000071b      0x32c build/vmem.o
 .debug_info    0x0000000000000a47      0x394 build/hw.o
 .debug_info    0x0000000000000ddb      0x266 build/uart.o
 .debug_info    0x0000000000001041      0x2a2 build/sched.o
 .debug_info    0x00000000000012e3      0x153 build/pwm.o
 .debug_info    0x0000000000001436       0x26 build/asm_tools.o
 .debug_info    0x000000000000145c       0x6c build/util.o
 .debug_info    0x00000000000014c8       0x26 build/init.o
 .debug_info    0x00000000000014ee      0x178 build/kmain.o

.debug_abbrev   0x0000000000000000      0xa2f
 .debug_abbrev  0x0000000000000000      0x154 build/kheap.o
 .debug_abbrev  0x0000000000000154      0x192 build/syscall.o
 .debug_abbrev  0x00000000000002e6      0x159 build/vmem.o
 .debug_abbrev  0x000000000000043f      0x1a7 build/hw.o
 .debug_abbrev  0x00000000000005e6      0x117 build/uart.o
 .debug_abbrev  0x00000000000006fd      0x146 build/sched.o
 .debug_abbrev  0x0000000000000843       0xbe build/pwm.o
 .debug_abbrev  0x0000000000000901       0x14 build/asm_tools.o
 .debug_abbrev  0x0000000000000915       0x5c build/util.o
 .debug_abbrev  0x0000000000000971       0x14 build/init.o
 .debug_abbrev  0x0000000000000985       0xaa build/kmain.o

.debug_aranges  0x0000000000000000      0x160
 .debug_aranges
                0x0000000000000000       0x20 build/kheap.o
 .debug_aranges
                0x0000000000000020       0x20 build/syscall.o
 .debug_aranges
                0x0000000000000040       0x20 build/vmem.o
 .debug_aranges
                0x0000000000000060       0x20 build/hw.o
 .debug_aranges
                0x0000000000000080       0x20 build/uart.o
 .debug_aranges
                0x00000000000000a0       0x20 build/sched.o
 .debug_aranges
                0x00000000000000c0       0x20 build/pwm.o
 .debug_aranges
                0x00000000000000e0       0x20 build/asm_tools.o
 .debug_aranges
                0x0000000000000100       0x20 build/util.o
 .debug_aranges
                0x0000000000000120       0x20 build/init.o
 .debug_aranges
                0x0000000000000140       0x20 build/kmain.o

.debug_line     0x0000000000000000      0x8d9
 .debug_line    0x0000000000000000       0xed build/kheap.o
 .debug_line    0x00000000000000ed      0x1aa build/syscall.o
 .debug_line    0x0000000000000297      0x13e build/vmem.o
 .debug_line    0x00000000000003d5      0x104 build/hw.o
 .debug_line    0x00000000000004d9      0x102 build/uart.o
 .debug_line    0x00000000000005db       0xdc build/sched.o
 .debug_line    0x00000000000006b7       0x84 build/pwm.o
 .debug_line    0x000000000000073b       0x4e build/asm_tools.o
 .debug_line    0x0000000000000789       0x3d build/util.o
 .debug_line    0x00000000000007c6       0x6c build/init.o
 .debug_line    0x0000000000000832       0xa7 build/kmain.o

.debug_str      0x0000000000000000      0x82b
 .debug_str     0x0000000000000000      0x24d build/kheap.o
                                        0x28d (size before relaxing)
 .debug_str     0x000000000000024d       0xfb build/syscall.o
                                        0x35f (size before relaxing)
 .debug_str     0x0000000000000348      0x154 build/vmem.o
                                        0x3a3 (size before relaxing)
 .debug_str     0x000000000000049c      0x173 build/hw.o
                                        0x2e9 (size before relaxing)
 .debug_str     0x000000000000060f       0xb2 build/uart.o
                                        0x20c (size before relaxing)
 .debug_str     0x00000000000006c1       0x92 build/sched.o
                                        0x2e4 (size before relaxing)
 .debug_str     0x0000000000000753       0x4d build/pwm.o
                                        0x1a9 (size before relaxing)
 .debug_str     0x00000000000007a0       0x1f build/asm_tools.o
                                         0x51 (size before relaxing)
 .debug_str     0x00000000000007bf       0x26 build/util.o
                                         0xec (size before relaxing)
 .debug_str     0x00000000000007e5        0xb build/init.o
                                         0x4c (size before relaxing)
 .debug_str     0x00000000000007f0       0x3b build/kmain.o
                                        0x23b (size before relaxing)

.comment        0x0000000000000000       0x5a
 .comment       0x0000000000000000       0x5a build/kheap.o
                                         0x5b (size before relaxing)
 .comment       0x000000000000005a       0x5b build/syscall.o
 .comment       0x000000000000005a       0x5b build/vmem.o
 .comment       0x000000000000005a       0x5b build/hw.o
 .comment       0x000000000000005a       0x5b build/uart.o
 .comment       0x000000000000005a       0x5b build/sched.o
 .comment       0x000000000000005a       0x5b build/pwm.o
 .comment       0x000000000000005a       0x5b build/util.o
 .comment       0x000000000000005a       0x5b build/kmain.o

.ARM.attributes
                0x0000000000000000       0x39
 .ARM.attributes
                0x0000000000000000       0x3b build/kheap.o
 .ARM.attributes
                0x000000000000003b       0x3b build/syscall.o
 .ARM.attributes
                0x0000000000000076       0x3b build/vmem.o
 .ARM.attributes
                0x00000000000000b1       0x3b build/hw.o
 .ARM.attributes
                0x00000000000000ec       0x3b build/uart.o
 .ARM.attributes
                0x0000000000000127       0x3b build/sched.o
 .ARM.attributes
                0x0000000000000162       0x3b build/pwm.o
 .ARM.attributes
                0x000000000000019d       0x12 build/asm_tools.o
 .ARM.attributes
                0x00000000000001af       0x3b build/util.o
 .ARM.attributes
                0x00000000000001ea       0x16 build/init.o
 .ARM.attributes
                0x0000000000000200       0x3b build/kmain.o

.debug_frame    0x0000000000000000      0x700
 .debug_frame   0x0000000000000000       0x9c build/kheap.o
 .debug_frame   0x000000000000009c      0x184 build/syscall.o
 .debug_frame   0x0000000000000220       0x98 build/vmem.o
 .debug_frame   0x00000000000002b8      0x21c build/hw.o
 .debug_frame   0x00000000000004d4       0xb0 build/uart.o
 .debug_frame   0x0000000000000584       0x94 build/sched.o
 .debug_frame   0x0000000000000618       0x60 build/pwm.o
 .debug_frame   0x0000000000000678       0x24 build/util.o
 .debug_frame   0x000000000000069c       0x64 build/kmain.o

.debug_ranges   0x0000000000000000       0x18
 .debug_ranges  0x0000000000000000       0x18 build/sched.o
