
Allocating common symbols
Common symbol       size              file

sp_svc              0x4               build/syscall.o
kernel_heap_limit   0x4               build/kheap.o
kmain_process       0x58              build/sched.o
kernel_heap_top     0x4               build/kheap.o
current_process     0x4               build/sched.o
uart_error          0x4               build/uart.o

Memory Configuration

Name             Origin             Length             Attributes
RAM              0x0000000000008000 0x000000001fff8000
PERIPHERALS      0x0000000020000000 0x0000000000ffffff
*default*        0x0000000000000000 0xffffffffffffffff

Linker script and memory map

LOAD build/kheap.o
LOAD build/syscall.o
LOAD build/init.o
LOAD build/hw.o
LOAD build/uart.o
LOAD build/sched.o
LOAD build/pwm.o
LOAD build/asm_tools.o
LOAD build/util.o
LOAD build/kmain.o
                0x0000000000000200                KERNEL_STACK_SIZE = 0x200
                0x0000000000000200                SYS_STACK_SIZE = 0x200
                0x0000000000000200                IRQ_STACK_SIZE = 0x200
                0x0000000000100000                USER_STACKS_SIZE = 0x100000

.text           0x0000000000008000     0x1ab4
 build/init.o(.text*)
 .text          0x0000000000008000        0x0 build/init.o
 .text.boot     0x0000000000008000       0xd8 build/init.o
                0x0000000000008040                _start
                0x00000000000080a8                io_halt
 *(.text*)
 .text          0x00000000000080d8      0x390 build/kheap.o
                0x00000000000080d8                aligned_value
                0x0000000000008124                kAlloc_aligned
                0x00000000000082ec                kAlloc
                0x00000000000083e8                kFree
                0x0000000000008438                kheap_init
 .text          0x0000000000008468      0x51c build/syscall.o
                0x0000000000008468                C_swi_handler
                0x0000000000008504                sys_reboot
                0x0000000000008514                do_sys_reboot
                0x0000000000008520                sys_nop
                0x0000000000008530                do_sys_nop
                0x0000000000008538                sys_settime
                0x000000000000855c                do_sys_settime
                0x000000000000858c                sys_gettime
                0x00000000000085b4                do_sys_gettime
                0x0000000000008614                sys_yieldto
                0x0000000000008638                do_sys_yieldto
                0x00000000000087b0                sys_yield
                0x00000000000087c0                do_sys_yield
                0x0000000000008918                sys_exit
                0x0000000000008944                do_sys_exit
 .text          0x0000000000008984      0x454 build/hw.o
                0x0000000000008984                divide
                0x0000000000008a3c                get_date_ms
                0x0000000000008a60                set_date_ms
                0x0000000000008b04                routing_core0cntv_to_core0irq
                0x0000000000008b20                read_core0timer_pending
                0x0000000000008b48                enable_cntv
                0x0000000000008b68                disable_cntv
                0x0000000000008b88                write_cntv_tval
                0x0000000000008ba4                read_cntfrq
                0x0000000000008bc0                clear_and_set_timer
                0x0000000000008bf4                timer_init
                0x0000000000008c0c                led_on
                0x0000000000008c4c                led_off
                0x0000000000008c8c                led_switch
                0x0000000000008cbc                led_status
                0x0000000000008cd0                led_init
                0x0000000000008d08                led_blink
                0x0000000000008da0                hw_init
                0x0000000000008db4                terminate_kernel
 .text          0x0000000000008dd8      0x664 build/uart.o
                0x0000000000008dd8                uart_init
                0x0000000000008f0c                uart_send_str
                0x0000000000008fa8                uart_send_int
                0x000000000000917c                uart_receive_str
                0x0000000000009258                uart_receive_int
                0x0000000000009408                uart_is_receive_fifo_empty
 .text          0x000000000000943c      0x28c build/sched.o
                0x000000000000943c                sched_init
                0x0000000000009460                create_process
                0x0000000000009550                elect
                0x00000000000096a0                start_current_process
 .text          0x00000000000096c8      0x24c build/pwm.o
                0x0000000000009880                audio_test
 .text          0x0000000000009914       0x48 build/asm_tools.o
                0x0000000000009914                Set32
                0x000000000000991c                Get32
                0x0000000000009924                delay
                0x0000000000009938                memory_barrier
                0x0000000000009950                invalidate_cache
 .text          0x000000000000995c       0x10 build/util.o
                0x000000000000995c                kernel_panic
 .text          0x000000000000996c      0x148 build/kmain.o
                0x000000000000996c                user_process
                0x00000000000099b0                user_process1
                0x00000000000099f4                user_process2
                0x0000000000009a38                user_process3
                0x0000000000009a7c                kmain
                0x0000000000009ab4                __bss_start = .

.glue_7         0x0000000000009ab4        0x0
 .glue_7        0x0000000000009ab4        0x0 linker stubs

.glue_7t        0x0000000000009ab4        0x0
 .glue_7t       0x0000000000009ab4        0x0 linker stubs

.vfp11_veneer   0x0000000000009ab4        0x0
 .vfp11_veneer  0x0000000000009ab4        0x0 linker stubs

.v4_bx          0x0000000000009ab4        0x0
 .v4_bx         0x0000000000009ab4        0x0 linker stubs

.iplt           0x0000000000009ab4        0x0
 .iplt          0x0000000000009ab4        0x0 build/kheap.o

.bss            0x0000000000009ab4       0x78
 *(.bss*)
 .bss           0x0000000000009ab4        0x4 build/kheap.o
                0x0000000000009ab4                freelist
 .bss           0x0000000000009ab8        0x0 build/syscall.o
 .bss           0x0000000000009ab8        0x0 build/init.o
 .bss           0x0000000000009ab8        0x8 build/hw.o
 .bss           0x0000000000009ac0        0x0 build/uart.o
 .bss           0x0000000000009ac0        0x0 build/sched.o
 .bss           0x0000000000009ac0        0x0 build/pwm.o
 .bss           0x0000000000009ac0        0x0 build/asm_tools.o
 .bss           0x0000000000009ac0        0x0 build/util.o
 .bss           0x0000000000009ac0        0x0 build/kmain.o
 COMMON         0x0000000000009ac0        0x8 build/kheap.o
                0x0000000000009ac0                kernel_heap_limit
                0x0000000000009ac4                kernel_heap_top
 COMMON         0x0000000000009ac8        0x4 build/syscall.o
                0x0000000000009ac8                sp_svc
 COMMON         0x0000000000009acc        0x4 build/uart.o
                0x0000000000009acc                uart_error
 COMMON         0x0000000000009ad0       0x5c build/sched.o
                0x0000000000009ad0                kmain_process
                0x0000000000009b28                current_process
                0x0000000000009b2c                __bss_end__ = .
                0x0000000000009b2c                __rodata_start__ = .

.rodata         0x0000000000009b2c       0x50
 *(.rodata*)
 .rodata        0x0000000000009b2c        0xe build/syscall.o
 *fill*         0x0000000000009b3a        0x2 
 .rodata        0x0000000000009b3c       0x15 build/hw.o
 *fill*         0x0000000000009b51        0x3 
 .rodata        0x0000000000009b54       0x28 build/uart.o
                0x0000000000009b7c                __rodata_end__ = .
                0x0000000000009b7c                __data_start__ = .

.rel.dyn        0x0000000000009b7c        0x0
 .rel.iplt      0x0000000000009b7c        0x0 build/kheap.o

.data           0x0000000000009b7c        0xc
 *(.data)
 .data          0x0000000000009b7c        0x0 build/kheap.o
 .data          0x0000000000009b7c        0x0 build/syscall.o
 .data          0x0000000000009b7c        0x0 build/init.o
 .data          0x0000000000009b7c        0x0 build/hw.o
 .data          0x0000000000009b7c        0x0 build/uart.o
 .data          0x0000000000009b7c        0x0 build/sched.o
 .data          0x0000000000009b7c        0xc build/pwm.o
 .data          0x0000000000009b88        0x0 build/asm_tools.o
 .data          0x0000000000009b88        0x0 build/util.o
 .data          0x0000000000009b88        0x0 build/kmain.o
                0x0000000000009b88                __data_end__ = .

.igot.plt       0x0000000000009b88        0x0
 .igot.plt      0x0000000000009b88        0x0 build/kheap.o

.stack          0x0000000000009b88      0x600
                0x0000000000009b88                __stack_start__ = .
                0x0000000000009d88                . = (. + KERNEL_STACK_SIZE)
 *fill*         0x0000000000009b88      0x200 
                0x0000000000009d88                . = ALIGN (0x4)
                0x0000000000009d88                __svc_stack_end__ = .
                0x0000000000009f88                . = (. + SYS_STACK_SIZE)
 *fill*         0x0000000000009d88      0x200 
                0x0000000000009f88                . = ALIGN (0x4)
                0x0000000000009f88                __sys_stack_end__ = .
                0x000000000000a188                . = (. + IRQ_STACK_SIZE)
 *fill*         0x0000000000009f88      0x200 
                0x000000000000a188                . = ALIGN (0x4)
                0x000000000000a188                __irq_stack_end__ = .
                0x000000000000a188                __stacks_end__ = .
                0x000000000000b000                . = ALIGN (0x1000)
                0x000000000000b000                __kernel_heap_start__ = .
                0x0000000000ffffff                . = 0xffffff
                0x0000000000ffffff                __kernel_heap_end__ = .
                0x0000000001000000                . = ALIGN (0x1000)
                0x0000000001000000                __after_kernel_heap__ = .
                0x0000000020000000                . = 0x20000000

.devices        0x0000000020000000   0xffffff
                0x0000000020000000                __devices_start__ = .
                0x0000000020ffffff                . = (. + 0xffffff)
 *fill*         0x0000000020000000   0xffffff 
                0x0000000020ffffff                __devices_end__ = .
OUTPUT(build/kernel.elf elf32-littlearm)

.debug_info     0x0000000000000000     0x128e
 .debug_info    0x0000000000000000      0x2cc build/kheap.o
 .debug_info    0x00000000000002cc      0x3d0 build/syscall.o
 .debug_info    0x000000000000069c       0x26 build/init.o
 .debug_info    0x00000000000006c2      0x394 build/hw.o
 .debug_info    0x0000000000000a56      0x266 build/uart.o
 .debug_info    0x0000000000000cbc      0x252 build/sched.o
 .debug_info    0x0000000000000f0e      0x153 build/pwm.o
 .debug_info    0x0000000000001061       0x26 build/asm_tools.o
 .debug_info    0x0000000000001087       0x6c build/util.o
 .debug_info    0x00000000000010f3      0x19b build/kmain.o

.debug_abbrev   0x0000000000000000      0x89c
 .debug_abbrev  0x0000000000000000      0x154 build/kheap.o
 .debug_abbrev  0x0000000000000154      0x16b build/syscall.o
 .debug_abbrev  0x00000000000002bf       0x14 build/init.o
 .debug_abbrev  0x00000000000002d3      0x1a7 build/hw.o
 .debug_abbrev  0x000000000000047a      0x117 build/uart.o
 .debug_abbrev  0x0000000000000591      0x12e build/sched.o
 .debug_abbrev  0x00000000000006bf       0xbe build/pwm.o
 .debug_abbrev  0x000000000000077d       0x14 build/asm_tools.o
 .debug_abbrev  0x0000000000000791       0x5c build/util.o
 .debug_abbrev  0x00000000000007ed       0xaf build/kmain.o

.debug_aranges  0x0000000000000000      0x140
 .debug_aranges
                0x0000000000000000       0x20 build/kheap.o
 .debug_aranges
                0x0000000000000020       0x20 build/syscall.o
 .debug_aranges
                0x0000000000000040       0x20 build/init.o
 .debug_aranges
                0x0000000000000060       0x20 build/hw.o
 .debug_aranges
                0x0000000000000080       0x20 build/uart.o
 .debug_aranges
                0x00000000000000a0       0x20 build/sched.o
 .debug_aranges
                0x00000000000000c0       0x20 build/pwm.o
 .debug_aranges
                0x00000000000000e0       0x20 build/asm_tools.o
 .debug_aranges
                0x0000000000000100       0x20 build/util.o
 .debug_aranges
                0x0000000000000120       0x20 build/kmain.o

.debug_line     0x0000000000000000      0x73d
 .debug_line    0x0000000000000000       0xed build/kheap.o
 .debug_line    0x00000000000000ed      0x14e build/syscall.o
 .debug_line    0x000000000000023b       0x6e build/init.o
 .debug_line    0x00000000000002a9      0x104 build/hw.o
 .debug_line    0x00000000000003ad      0x102 build/uart.o
 .debug_line    0x00000000000004af       0xc1 build/sched.o
 .debug_line    0x0000000000000570       0x84 build/pwm.o
 .debug_line    0x00000000000005f4       0x4e build/asm_tools.o
 .debug_line    0x0000000000000642       0x3d build/util.o
 .debug_line    0x000000000000067f       0xbe build/kmain.o

.debug_str      0x0000000000000000      0x68d
 .debug_str     0x0000000000000000      0x252 build/kheap.o
                                        0x28d (size before relaxing)
 .debug_str     0x0000000000000252       0xd5 build/syscall.o
                                        0x339 (size before relaxing)
 .debug_str     0x0000000000000327       0x1a build/init.o
                                         0x4c (size before relaxing)
 .debug_str     0x0000000000000341      0x173 build/hw.o
                                        0x2e9 (size before relaxing)
 .debug_str     0x00000000000004b4       0xb2 build/uart.o
                                        0x20c (size before relaxing)
 .debug_str     0x0000000000000566       0x5f build/sched.o
                                        0x2aa (size before relaxing)
 .debug_str     0x00000000000005c5       0x4d build/pwm.o
                                        0x1a9 (size before relaxing)
 .debug_str     0x0000000000000612       0x10 build/asm_tools.o
                                         0x51 (size before relaxing)
 .debug_str     0x0000000000000622       0x26 build/util.o
                                         0xec (size before relaxing)
 .debug_str     0x0000000000000648       0x45 build/kmain.o
                                        0x24c (size before relaxing)

.comment        0x0000000000000000       0x5a
 .comment       0x0000000000000000       0x5a build/kheap.o
                                         0x5b (size before relaxing)
 .comment       0x000000000000005a       0x5b build/syscall.o
 .comment       0x000000000000005a       0x5b build/hw.o
 .comment       0x000000000000005a       0x5b build/uart.o
 .comment       0x000000000000005a       0x5b build/sched.o
 .comment       0x000000000000005a       0x5b build/pwm.o
 .comment       0x000000000000005a       0x5b build/util.o
 .comment       0x000000000000005a       0x5b build/kmain.o

.ARM.attributes
                0x0000000000000000       0x39
 .ARM.attributes
                0x0000000000000000       0x3b build/kheap.o
 .ARM.attributes
                0x000000000000003b       0x3b build/syscall.o
 .ARM.attributes
                0x0000000000000076       0x16 build/init.o
 .ARM.attributes
                0x000000000000008c       0x3b build/hw.o
 .ARM.attributes
                0x00000000000000c7       0x3b build/uart.o
 .ARM.attributes
                0x0000000000000102       0x3b build/sched.o
 .ARM.attributes
                0x000000000000013d       0x3b build/pwm.o
 .ARM.attributes
                0x0000000000000178       0x12 build/asm_tools.o
 .ARM.attributes
                0x000000000000018a       0x3b build/util.o
 .ARM.attributes
                0x00000000000001c5       0x3b build/kmain.o

.debug_frame    0x0000000000000000      0x64c
 .debug_frame   0x0000000000000000       0x9c build/kheap.o
 .debug_frame   0x000000000000009c      0x150 build/syscall.o
 .debug_frame   0x00000000000001ec      0x21c build/hw.o
 .debug_frame   0x0000000000000408       0xb0 build/uart.o
 .debug_frame   0x00000000000004b8       0x78 build/sched.o
 .debug_frame   0x0000000000000530       0x60 build/pwm.o
 .debug_frame   0x0000000000000590       0x24 build/util.o
 .debug_frame   0x00000000000005b4       0x98 build/kmain.o
