
Allocating common symbols
Common symbol       size              file

pcb2                0x3c              build/kmain.o
p2                  0x4               build/kmain.o
sp_svc              0x4               build/syscall.o
kernel_heap_limit   0x4               build/kheap.o
kmain_process       0x3c              build/sched.o
p1                  0x4               build/kmain.o
kernel_heap_top     0x4               build/kheap.o
pcb1                0x3c              build/kmain.o
current_process     0x4               build/sched.o
uart_error          0x4               build/uart.o

Memory Configuration

Name             Origin             Length             Attributes
RAM              0x0000000000008000 0x000000001fff8000
PERIPHERALS      0x0000000020000000 0x0000000000ffffff
*default*        0x0000000000000000 0xffffffffffffffff

Linker script and memory map

LOAD build/kheap.o
LOAD build/syscall.o
LOAD build/init.o
LOAD build/hw.o
LOAD build/uart.o
LOAD build/sched.o
LOAD build/pwm.o
LOAD build/asm_tools.o
LOAD build/util.o
LOAD build/kmain.o
                0x0000000000000200                KERNEL_STACK_SIZE = 0x200
                0x0000000000000200                SYS_STACK_SIZE = 0x200
                0x0000000000000200                IRQ_STACK_SIZE = 0x200
                0x0000000000100000                USER_STACKS_SIZE = 0x100000

.text           0x0000000000008000     0x15b8
 build/init.o(.text*)
 .text          0x0000000000008000        0x0 build/init.o
 .text.boot     0x0000000000008000       0xd8 build/init.o
                0x0000000000008040                _start
                0x00000000000080a8                io_halt
 *(.text*)
 .text          0x00000000000080d8      0x390 build/kheap.o
                0x00000000000080d8                aligned_value
                0x0000000000008124                kAlloc_aligned
                0x00000000000082ec                kAlloc
                0x00000000000083e8                kFree
                0x0000000000008438                kheap_init
 .text          0x0000000000008468      0x2e0 build/syscall.o
                0x0000000000008468                C_swi_handler
                0x00000000000084ec                sys_reboot
                0x00000000000084fc                do_sys_reboot
                0x0000000000008508                sys_nop
                0x0000000000008518                do_sys_nop
                0x0000000000008520                sys_settime
                0x0000000000008544                do_sys_settime
                0x0000000000008574                sys_gettime
                0x000000000000859c                do_sys_gettime
                0x00000000000085fc                sys_yieldto
                0x0000000000008620                do_sys_yieldto
 .text          0x0000000000008748      0x454 build/hw.o
                0x0000000000008748                divide
                0x0000000000008800                get_date_ms
                0x0000000000008824                set_date_ms
                0x00000000000088c8                routing_core0cntv_to_core0irq
                0x00000000000088e4                read_core0timer_pending
                0x000000000000890c                enable_cntv
                0x000000000000892c                disable_cntv
                0x000000000000894c                write_cntv_tval
                0x0000000000008968                read_cntfrq
                0x0000000000008984                clear_and_set_timer
                0x00000000000089b8                timer_init
                0x00000000000089d0                led_on
                0x0000000000008a10                led_off
                0x0000000000008a50                led_switch
                0x0000000000008a80                led_status
                0x0000000000008a94                led_init
                0x0000000000008acc                led_blink
                0x0000000000008b64                hw_init
                0x0000000000008b78                terminate_kernel
 .text          0x0000000000008b9c      0x664 build/uart.o
                0x0000000000008b9c                uart_init
                0x0000000000008cd0                uart_send_str
                0x0000000000008d6c                uart_send_int
                0x0000000000008f40                uart_receive_str
                0x000000000000901c                uart_receive_int
                0x00000000000091cc                uart_is_receive_fifo_empty
 .text          0x0000000000009200       0x1c build/sched.o
                0x0000000000009200                sched_init
 .text          0x000000000000921c      0x24c build/pwm.o
                0x00000000000093d4                audio_test
 .text          0x0000000000009468       0x48 build/asm_tools.o
                0x0000000000009468                Set32
                0x0000000000009470                Get32
                0x0000000000009478                delay
                0x000000000000948c                memory_barrier
                0x00000000000094a4                invalidate_cache
 .text          0x00000000000094b0       0x10 build/util.o
                0x00000000000094b0                kernel_panic
 .text          0x00000000000094c0       0xf8 build/kmain.o
                0x00000000000094c0                kmain
                0x0000000000009550                user_process_1
                0x0000000000009584                user_process_2
                0x00000000000095b8                __bss_start = .

.glue_7         0x00000000000095b8        0x0
 .glue_7        0x00000000000095b8        0x0 linker stubs

.glue_7t        0x00000000000095b8        0x0
 .glue_7t       0x00000000000095b8        0x0 linker stubs

.vfp11_veneer   0x00000000000095b8        0x0
 .vfp11_veneer  0x00000000000095b8        0x0 linker stubs

.v4_bx          0x00000000000095b8        0x0
 .v4_bx         0x00000000000095b8        0x0 linker stubs

.iplt           0x00000000000095b8        0x0
 .iplt          0x00000000000095b8        0x0 build/kheap.o

.bss            0x00000000000095b8       0xdc
 *(.bss*)
 .bss           0x00000000000095b8        0x4 build/kheap.o
                0x00000000000095b8                freelist
 .bss           0x00000000000095bc        0x0 build/syscall.o
 .bss           0x00000000000095bc        0x0 build/init.o
 .bss           0x00000000000095bc        0x8 build/hw.o
 .bss           0x00000000000095c4        0x0 build/uart.o
 .bss           0x00000000000095c4        0x0 build/sched.o
 .bss           0x00000000000095c4        0x0 build/pwm.o
 .bss           0x00000000000095c4        0x0 build/asm_tools.o
 .bss           0x00000000000095c4        0x0 build/util.o
 .bss           0x00000000000095c4        0x0 build/kmain.o
 COMMON         0x00000000000095c4        0x8 build/kheap.o
                0x00000000000095c4                kernel_heap_limit
                0x00000000000095c8                kernel_heap_top
 COMMON         0x00000000000095cc        0x4 build/syscall.o
                0x00000000000095cc                sp_svc
 COMMON         0x00000000000095d0        0x4 build/uart.o
                0x00000000000095d0                uart_error
 COMMON         0x00000000000095d4       0x40 build/sched.o
                0x00000000000095d4                kmain_process
                0x0000000000009610                current_process
 COMMON         0x0000000000009614       0x80 build/kmain.o
                0x0000000000009614                pcb2
                0x0000000000009650                p2
                0x0000000000009654                p1
                0x0000000000009658                pcb1
                0x0000000000009694                __bss_end__ = .
                0x0000000000009694                __rodata_start__ = .

.rodata         0x0000000000009694       0x58
 *(.rodata*)
 .rodata        0x0000000000009694        0xe build/syscall.o
 *fill*         0x00000000000096a2        0x2 
 .rodata        0x00000000000096a4       0x15 build/hw.o
 *fill*         0x00000000000096b9        0x3 
 .rodata        0x00000000000096bc       0x28 build/uart.o
 .rodata        0x00000000000096e4        0x8 build/kmain.o
                0x00000000000096ec                __rodata_end__ = .
                0x00000000000096ec                __data_start__ = .

.rel.dyn        0x00000000000096ec        0x0
 .rel.iplt      0x00000000000096ec        0x0 build/kheap.o

.data           0x00000000000096ec        0xc
 *(.data)
 .data          0x00000000000096ec        0x0 build/kheap.o
 .data          0x00000000000096ec        0x0 build/syscall.o
 .data          0x00000000000096ec        0x0 build/init.o
 .data          0x00000000000096ec        0x0 build/hw.o
 .data          0x00000000000096ec        0x0 build/uart.o
 .data          0x00000000000096ec        0x0 build/sched.o
 .data          0x00000000000096ec        0xc build/pwm.o
 .data          0x00000000000096f8        0x0 build/asm_tools.o
 .data          0x00000000000096f8        0x0 build/util.o
 .data          0x00000000000096f8        0x0 build/kmain.o
                0x00000000000096f8                __data_end__ = .

.igot.plt       0x00000000000096f8        0x0
 .igot.plt      0x00000000000096f8        0x0 build/kheap.o

.stack          0x00000000000096f8      0x600
                0x00000000000096f8                __stack_start__ = .
                0x00000000000098f8                . = (. + KERNEL_STACK_SIZE)
 *fill*         0x00000000000096f8      0x200 
                0x00000000000098f8                . = ALIGN (0x4)
                0x00000000000098f8                __svc_stack_end__ = .
                0x0000000000009af8                . = (. + SYS_STACK_SIZE)
 *fill*         0x00000000000098f8      0x200 
                0x0000000000009af8                . = ALIGN (0x4)
                0x0000000000009af8                __sys_stack_end__ = .
                0x0000000000009cf8                . = (. + IRQ_STACK_SIZE)
 *fill*         0x0000000000009af8      0x200 
                0x0000000000009cf8                . = ALIGN (0x4)
                0x0000000000009cf8                __irq_stack_end__ = .
                0x0000000000009cf8                __stacks_end__ = .
                0x000000000000a000                . = ALIGN (0x1000)
                0x000000000000a000                __kernel_heap_start__ = .
                0x0000000000ffffff                . = 0xffffff
                0x0000000000ffffff                __kernel_heap_end__ = .
                0x0000000001000000                . = ALIGN (0x1000)
                0x0000000001000000                __after_kernel_heap__ = .
                0x0000000020000000                . = 0x20000000

.devices        0x0000000020000000   0xffffff
                0x0000000020000000                __devices_start__ = .
                0x0000000020ffffff                . = (. + 0xffffff)
 *fill*         0x0000000020000000   0xffffff 
                0x0000000020ffffff                __devices_end__ = .
OUTPUT(build/kernel.elf elf32-littlearm)

.debug_info     0x0000000000000000      0xf37
 .debug_info    0x0000000000000000      0x2cc build/kheap.o
 .debug_info    0x00000000000002cc      0x25b build/syscall.o
 .debug_info    0x0000000000000527       0x26 build/init.o
 .debug_info    0x000000000000054d      0x394 build/hw.o
 .debug_info    0x00000000000008e1      0x266 build/uart.o
 .debug_info    0x0000000000000b47       0xb1 build/sched.o
 .debug_info    0x0000000000000bf8      0x153 build/pwm.o
 .debug_info    0x0000000000000d4b       0x26 build/asm_tools.o
 .debug_info    0x0000000000000d71       0x6c build/util.o
 .debug_info    0x0000000000000ddd      0x15a build/kmain.o

.debug_abbrev   0x0000000000000000      0x820
 .debug_abbrev  0x0000000000000000      0x154 build/kheap.o
 .debug_abbrev  0x0000000000000154      0x16b build/syscall.o
 .debug_abbrev  0x00000000000002bf       0x14 build/init.o
 .debug_abbrev  0x00000000000002d3      0x1a7 build/hw.o
 .debug_abbrev  0x000000000000047a      0x117 build/uart.o
 .debug_abbrev  0x0000000000000591       0x8c build/sched.o
 .debug_abbrev  0x000000000000061d       0xbe build/pwm.o
 .debug_abbrev  0x00000000000006db       0x14 build/asm_tools.o
 .debug_abbrev  0x00000000000006ef       0x5c build/util.o
 .debug_abbrev  0x000000000000074b       0xd5 build/kmain.o

.debug_aranges  0x0000000000000000      0x140
 .debug_aranges
                0x0000000000000000       0x20 build/kheap.o
 .debug_aranges
                0x0000000000000020       0x20 build/syscall.o
 .debug_aranges
                0x0000000000000040       0x20 build/init.o
 .debug_aranges
                0x0000000000000060       0x20 build/hw.o
 .debug_aranges
                0x0000000000000080       0x20 build/uart.o
 .debug_aranges
                0x00000000000000a0       0x20 build/sched.o
 .debug_aranges
                0x00000000000000c0       0x20 build/pwm.o
 .debug_aranges
                0x00000000000000e0       0x20 build/asm_tools.o
 .debug_aranges
                0x0000000000000100       0x20 build/util.o
 .debug_aranges
                0x0000000000000120       0x20 build/kmain.o

.debug_line     0x0000000000000000      0x629
 .debug_line    0x0000000000000000       0xed build/kheap.o
 .debug_line    0x00000000000000ed       0xf8 build/syscall.o
 .debug_line    0x00000000000001e5       0x6e build/init.o
 .debug_line    0x0000000000000253      0x104 build/hw.o
 .debug_line    0x0000000000000357      0x102 build/uart.o
 .debug_line    0x0000000000000459       0x46 build/sched.o
 .debug_line    0x000000000000049f       0x84 build/pwm.o
 .debug_line    0x0000000000000523       0x4e build/asm_tools.o
 .debug_line    0x0000000000000571       0x3d build/util.o
 .debug_line    0x00000000000005ae       0x7b build/kmain.o

.debug_str      0x0000000000000000      0x63b
 .debug_str     0x0000000000000000      0x252 build/kheap.o
                                        0x28d (size before relaxing)
 .debug_str     0x0000000000000252       0x9d build/syscall.o
                                        0x221 (size before relaxing)
 .debug_str     0x00000000000002ef       0x49 build/init.o
 .debug_str     0x0000000000000338      0x173 build/hw.o
                                        0x2e9 (size before relaxing)
 .debug_str     0x00000000000004ab       0xb2 build/uart.o
                                        0x20c (size before relaxing)
 .debug_str     0x000000000000055d       0x25 build/sched.o
                                        0x109 (size before relaxing)
 .debug_str     0x0000000000000582       0x4d build/pwm.o
                                        0x1a9 (size before relaxing)
 .debug_str     0x00000000000005cf       0x10 build/asm_tools.o
                                         0x4e (size before relaxing)
 .debug_str     0x00000000000005df       0x26 build/util.o
                                         0xec (size before relaxing)
 .debug_str     0x0000000000000605       0x36 build/kmain.o
                                        0x18c (size before relaxing)

.comment        0x0000000000000000       0x5a
 .comment       0x0000000000000000       0x5a build/kheap.o
                                         0x5b (size before relaxing)
 .comment       0x000000000000005a       0x5b build/syscall.o
 .comment       0x000000000000005a       0x5b build/hw.o
 .comment       0x000000000000005a       0x5b build/uart.o
 .comment       0x000000000000005a       0x5b build/sched.o
 .comment       0x000000000000005a       0x5b build/pwm.o
 .comment       0x000000000000005a       0x5b build/util.o
 .comment       0x000000000000005a       0x5b build/kmain.o

.ARM.attributes
                0x0000000000000000       0x39
 .ARM.attributes
                0x0000000000000000       0x3b build/kheap.o
 .ARM.attributes
                0x000000000000003b       0x3b build/syscall.o
 .ARM.attributes
                0x0000000000000076       0x16 build/init.o
 .ARM.attributes
                0x000000000000008c       0x3b build/hw.o
 .ARM.attributes
                0x00000000000000c7       0x3b build/uart.o
 .ARM.attributes
                0x0000000000000102       0x3b build/sched.o
 .ARM.attributes
                0x000000000000013d       0x3b build/pwm.o
 .ARM.attributes
                0x0000000000000178       0x12 build/asm_tools.o
 .ARM.attributes
                0x000000000000018a       0x3b build/util.o
 .ARM.attributes
                0x00000000000001c5       0x3b build/kmain.o

.debug_frame    0x0000000000000000      0x55c
 .debug_frame   0x0000000000000000       0x9c build/kheap.o
 .debug_frame   0x000000000000009c       0xf8 build/syscall.o
 .debug_frame   0x0000000000000194      0x21c build/hw.o
 .debug_frame   0x00000000000003b0       0xb0 build/uart.o
 .debug_frame   0x0000000000000460       0x20 build/sched.o
 .debug_frame   0x0000000000000480       0x60 build/pwm.o
 .debug_frame   0x00000000000004e0       0x24 build/util.o
 .debug_frame   0x0000000000000504       0x58 build/kmain.o
