
Allocating common symbols
Common symbol       size              file

sp_svc              0x4               build/syscall.o
kernel_heap_limit   0x4               build/kheap.o
kmain_process       0x58              build/sched.o
kernel_heap_top     0x4               build/kheap.o
current_process     0x4               build/sched.o
terminated_process  0x4               build/sched.o
uart_error          0x4               build/uart.o

Memory Configuration

Name             Origin             Length             Attributes
RAM              0x0000000000008000 0x000000001fff8000
PERIPHERALS      0x0000000020000000 0x0000000000ffffff
*default*        0x0000000000000000 0xffffffffffffffff

Linker script and memory map

LOAD build/kheap.o
LOAD build/syscall.o
LOAD build/init.o
LOAD build/hw.o
LOAD build/uart.o
LOAD build/pwm.o
LOAD build/sched.o
LOAD build/util.o
LOAD build/asm_tools.o
LOAD build/kmain.o
                0x0000000000000200                KERNEL_STACK_SIZE = 0x200
                0x0000000000000200                SYS_STACK_SIZE = 0x200
                0x0000000000000200                IRQ_STACK_SIZE = 0x200
                0x0000000000100000                USER_STACKS_SIZE = 0x100000

.text           0x0000000000008000     0x1b80
 build/init.o(.text*)
 .text          0x0000000000008000        0x0 build/init.o
 .text.boot     0x0000000000008000       0xd8 build/init.o
                0x0000000000008040                _start
                0x00000000000080a8                io_halt
 *(.text*)
 .text          0x00000000000080d8      0x390 build/kheap.o
                0x00000000000080d8                aligned_value
                0x0000000000008124                kAlloc_aligned
                0x00000000000082ec                kAlloc
                0x00000000000083e8                kFree
                0x0000000000008438                kheap_init
 .text          0x0000000000008468      0x5c4 build/syscall.o
                0x0000000000008468                C_swi_handler
                0x0000000000008504                sys_reboot
                0x0000000000008514                do_sys_reboot
                0x0000000000008520                sys_nop
                0x0000000000008530                do_sys_nop
                0x0000000000008538                sys_settime
                0x000000000000855c                do_sys_settime
                0x000000000000858c                sys_gettime
                0x00000000000085b4                do_sys_gettime
                0x0000000000008614                sys_yieldto
                0x0000000000008638                do_sys_yieldto
                0x00000000000087b0                sys_yield
                0x00000000000087c0                do_sys_yield
                0x0000000000008918                sys_exit
                0x000000000000893c                do_sys_exit
 .text          0x0000000000008a2c      0x454 build/hw.o
                0x0000000000008a2c                divide
                0x0000000000008ae4                get_date_ms
                0x0000000000008b08                set_date_ms
                0x0000000000008bac                routing_core0cntv_to_core0irq
                0x0000000000008bc8                read_core0timer_pending
                0x0000000000008bf0                enable_cntv
                0x0000000000008c10                disable_cntv
                0x0000000000008c30                write_cntv_tval
                0x0000000000008c4c                read_cntfrq
                0x0000000000008c68                clear_and_set_timer
                0x0000000000008c9c                timer_init
                0x0000000000008cb4                led_on
                0x0000000000008cf4                led_off
                0x0000000000008d34                led_switch
                0x0000000000008d64                led_status
                0x0000000000008d78                led_init
                0x0000000000008db0                led_blink
                0x0000000000008e48                hw_init
                0x0000000000008e5c                terminate_kernel
 .text          0x0000000000008e80      0x664 build/uart.o
                0x0000000000008e80                uart_init
                0x0000000000008fb4                uart_send_str
                0x0000000000009050                uart_send_int
                0x0000000000009224                uart_receive_str
                0x0000000000009300                uart_receive_int
                0x00000000000094b0                uart_is_receive_fifo_empty
 .text          0x00000000000094e4      0x24c build/pwm.o
                0x000000000000969c                audio_test
 .text          0x0000000000009730      0x370 build/sched.o
                0x0000000000009730                sched_init
                0x0000000000009778                create_process
                0x00000000000098a8                elect
                0x0000000000009980                start_current_process
                0x00000000000099b4                insert_terminated_pcb
 .text          0x0000000000009aa0       0x10 build/util.o
                0x0000000000009aa0                kernel_panic
 .text          0x0000000000009ab0       0x48 build/asm_tools.o
                0x0000000000009ab0                Set32
                0x0000000000009ab8                Get32
                0x0000000000009ac0                delay
                0x0000000000009ad4                memory_barrier
                0x0000000000009aec                invalidate_cache
 .text          0x0000000000009af8       0x88 build/kmain.o
                0x0000000000009af8                user_process
                0x0000000000009b38                kmain
                0x0000000000009b80                __bss_start = .

.glue_7         0x0000000000009b80        0x0
 .glue_7        0x0000000000009b80        0x0 linker stubs

.glue_7t        0x0000000000009b80        0x0
 .glue_7t       0x0000000000009b80        0x0 linker stubs

.vfp11_veneer   0x0000000000009b80        0x0
 .vfp11_veneer  0x0000000000009b80        0x0 linker stubs

.v4_bx          0x0000000000009b80        0x0
 .v4_bx         0x0000000000009b80        0x0 linker stubs

.iplt           0x0000000000009b80        0x0
 .iplt          0x0000000000009b80        0x0 build/kheap.o

.bss            0x0000000000009b80       0x7c
 *(.bss*)
 .bss           0x0000000000009b80        0x4 build/kheap.o
                0x0000000000009b80                freelist
 .bss           0x0000000000009b84        0x0 build/syscall.o
 .bss           0x0000000000009b84        0x0 build/init.o
 .bss           0x0000000000009b84        0x8 build/hw.o
 .bss           0x0000000000009b8c        0x0 build/uart.o
 .bss           0x0000000000009b8c        0x0 build/pwm.o
 .bss           0x0000000000009b8c        0x0 build/sched.o
 .bss           0x0000000000009b8c        0x0 build/util.o
 .bss           0x0000000000009b8c        0x0 build/asm_tools.o
 .bss           0x0000000000009b8c        0x0 build/kmain.o
 COMMON         0x0000000000009b8c        0x8 build/kheap.o
                0x0000000000009b8c                kernel_heap_limit
                0x0000000000009b90                kernel_heap_top
 COMMON         0x0000000000009b94        0x4 build/syscall.o
                0x0000000000009b94                sp_svc
 COMMON         0x0000000000009b98        0x4 build/uart.o
                0x0000000000009b98                uart_error
 COMMON         0x0000000000009b9c       0x60 build/sched.o
                0x0000000000009b9c                kmain_process
                0x0000000000009bf4                current_process
                0x0000000000009bf8                terminated_process
                0x0000000000009bfc                __bss_end__ = .
                0x0000000000009bfc                __rodata_start__ = .

.rodata         0x0000000000009bfc       0x50
 *(.rodata*)
 .rodata        0x0000000000009bfc        0xe build/syscall.o
 *fill*         0x0000000000009c0a        0x2 
 .rodata        0x0000000000009c0c       0x15 build/hw.o
 *fill*         0x0000000000009c21        0x3 
 .rodata        0x0000000000009c24       0x28 build/uart.o
                0x0000000000009c4c                __rodata_end__ = .
                0x0000000000009c4c                __data_start__ = .

.rel.dyn        0x0000000000009c4c        0x0
 .rel.iplt      0x0000000000009c4c        0x0 build/kheap.o

.data           0x0000000000009c4c        0xc
 *(.data)
 .data          0x0000000000009c4c        0x0 build/kheap.o
 .data          0x0000000000009c4c        0x0 build/syscall.o
 .data          0x0000000000009c4c        0x0 build/init.o
 .data          0x0000000000009c4c        0x0 build/hw.o
 .data          0x0000000000009c4c        0x0 build/uart.o
 .data          0x0000000000009c4c        0xc build/pwm.o
 .data          0x0000000000009c58        0x0 build/sched.o
 .data          0x0000000000009c58        0x0 build/util.o
 .data          0x0000000000009c58        0x0 build/asm_tools.o
 .data          0x0000000000009c58        0x0 build/kmain.o
                0x0000000000009c58                __data_end__ = .

.igot.plt       0x0000000000009c58        0x0
 .igot.plt      0x0000000000009c58        0x0 build/kheap.o

.stack          0x0000000000009c58      0x600
                0x0000000000009c58                __stack_start__ = .
                0x0000000000009e58                . = (. + KERNEL_STACK_SIZE)
 *fill*         0x0000000000009c58      0x200 
                0x0000000000009e58                . = ALIGN (0x4)
                0x0000000000009e58                __svc_stack_end__ = .
                0x000000000000a058                . = (. + SYS_STACK_SIZE)
 *fill*         0x0000000000009e58      0x200 
                0x000000000000a058                . = ALIGN (0x4)
                0x000000000000a058                __sys_stack_end__ = .
                0x000000000000a258                . = (. + IRQ_STACK_SIZE)
 *fill*         0x000000000000a058      0x200 
                0x000000000000a258                . = ALIGN (0x4)
                0x000000000000a258                __irq_stack_end__ = .
                0x000000000000a258                __stacks_end__ = .
                0x000000000000b000                . = ALIGN (0x1000)
                0x000000000000b000                __kernel_heap_start__ = .
                0x0000000000ffffff                . = 0xffffff
                0x0000000000ffffff                __kernel_heap_end__ = .
                0x0000000001000000                . = ALIGN (0x1000)
                0x0000000001000000                __after_kernel_heap__ = .
                0x0000000020000000                . = 0x20000000

.devices        0x0000000020000000   0xffffff
                0x0000000020000000                __devices_start__ = .
                0x0000000020ffffff                . = (. + 0xffffff)
 *fill*         0x0000000020000000   0xffffff 
                0x0000000020ffffff                __devices_end__ = .
OUTPUT(build/kernel.elf elf32-littlearm)

.debug_info     0x0000000000000000     0x129c
 .debug_info    0x0000000000000000      0x2cc build/kheap.o
 .debug_info    0x00000000000002cc      0x3eb build/syscall.o
 .debug_info    0x00000000000006b7       0x26 build/init.o
 .debug_info    0x00000000000006dd      0x394 build/hw.o
 .debug_info    0x0000000000000a71      0x266 build/uart.o
 .debug_info    0x0000000000000cd7      0x153 build/pwm.o
 .debug_info    0x0000000000000e2a      0x296 build/sched.o
 .debug_info    0x00000000000010c0       0x6c build/util.o
 .debug_info    0x000000000000112c       0x26 build/asm_tools.o
 .debug_info    0x0000000000001152      0x14a build/kmain.o

.debug_abbrev   0x0000000000000000      0x8a0
 .debug_abbrev  0x0000000000000000      0x154 build/kheap.o
 .debug_abbrev  0x0000000000000154      0x16b build/syscall.o
 .debug_abbrev  0x00000000000002bf       0x14 build/init.o
 .debug_abbrev  0x00000000000002d3      0x1a7 build/hw.o
 .debug_abbrev  0x000000000000047a      0x117 build/uart.o
 .debug_abbrev  0x0000000000000591       0xbe build/pwm.o
 .debug_abbrev  0x000000000000064f      0x146 build/sched.o
 .debug_abbrev  0x0000000000000795       0x5c build/util.o
 .debug_abbrev  0x00000000000007f1       0x14 build/asm_tools.o
 .debug_abbrev  0x0000000000000805       0x9b build/kmain.o

.debug_aranges  0x0000000000000000      0x140
 .debug_aranges
                0x0000000000000000       0x20 build/kheap.o
 .debug_aranges
                0x0000000000000020       0x20 build/syscall.o
 .debug_aranges
                0x0000000000000040       0x20 build/init.o
 .debug_aranges
                0x0000000000000060       0x20 build/hw.o
 .debug_aranges
                0x0000000000000080       0x20 build/uart.o
 .debug_aranges
                0x00000000000000a0       0x20 build/pwm.o
 .debug_aranges
                0x00000000000000c0       0x20 build/sched.o
 .debug_aranges
                0x00000000000000e0       0x20 build/util.o
 .debug_aranges
                0x0000000000000100       0x20 build/asm_tools.o
 .debug_aranges
                0x0000000000000120       0x20 build/kmain.o

.debug_line     0x0000000000000000      0x760
 .debug_line    0x0000000000000000       0xed build/kheap.o
 .debug_line    0x00000000000000ed      0x167 build/syscall.o
 .debug_line    0x0000000000000254       0x6e build/init.o
 .debug_line    0x00000000000002c2      0x104 build/hw.o
 .debug_line    0x00000000000003c6      0x102 build/uart.o
 .debug_line    0x00000000000004c8       0x84 build/pwm.o
 .debug_line    0x000000000000054c       0xd6 build/sched.o
 .debug_line    0x0000000000000622       0x3d build/util.o
 .debug_line    0x000000000000065f       0x4e build/asm_tools.o
 .debug_line    0x00000000000006ad       0xb3 build/kmain.o

.debug_str      0x0000000000000000      0x6c5
 .debug_str     0x0000000000000000      0x24f build/kheap.o
                                        0x28a (size before relaxing)
 .debug_str     0x000000000000024f       0xd5 build/syscall.o
                                        0x336 (size before relaxing)
 .debug_str     0x0000000000000324       0x4c build/init.o
 .debug_str     0x0000000000000370      0x173 build/hw.o
                                        0x2e6 (size before relaxing)
 .debug_str     0x00000000000004e3       0xb2 build/uart.o
                                        0x209 (size before relaxing)
 .debug_str     0x0000000000000595       0x4d build/pwm.o
                                        0x1a6 (size before relaxing)
 .debug_str     0x00000000000005e2       0x92 build/sched.o
                                        0x2da (size before relaxing)
 .debug_str     0x0000000000000674       0x26 build/util.o
                                         0xe9 (size before relaxing)
 .debug_str     0x000000000000069a       0x10 build/asm_tools.o
                                         0x51 (size before relaxing)
 .debug_str     0x00000000000006aa       0x1b build/kmain.o
                                        0x21f (size before relaxing)

.comment        0x0000000000000000       0x5a
 .comment       0x0000000000000000       0x5a build/kheap.o
                                         0x5b (size before relaxing)
 .comment       0x000000000000005a       0x5b build/syscall.o
 .comment       0x000000000000005a       0x5b build/hw.o
 .comment       0x000000000000005a       0x5b build/uart.o
 .comment       0x000000000000005a       0x5b build/pwm.o
 .comment       0x000000000000005a       0x5b build/sched.o
 .comment       0x000000000000005a       0x5b build/util.o
 .comment       0x000000000000005a       0x5b build/kmain.o

.ARM.attributes
                0x0000000000000000       0x39
 .ARM.attributes
                0x0000000000000000       0x3b build/kheap.o
 .ARM.attributes
                0x000000000000003b       0x3b build/syscall.o
 .ARM.attributes
                0x0000000000000076       0x16 build/init.o
 .ARM.attributes
                0x000000000000008c       0x3b build/hw.o
 .ARM.attributes
                0x00000000000000c7       0x3b build/uart.o
 .ARM.attributes
                0x0000000000000102       0x3b build/pwm.o
 .ARM.attributes
                0x000000000000013d       0x3b build/sched.o
 .ARM.attributes
                0x0000000000000178       0x3b build/util.o
 .ARM.attributes
                0x00000000000001b3       0x12 build/asm_tools.o
 .ARM.attributes
                0x00000000000001c5       0x3b build/kmain.o

.debug_frame    0x0000000000000000      0x61c
 .debug_frame   0x0000000000000000       0x9c build/kheap.o
 .debug_frame   0x000000000000009c      0x158 build/syscall.o
 .debug_frame   0x00000000000001f4      0x21c build/hw.o
 .debug_frame   0x0000000000000410       0xb0 build/uart.o
 .debug_frame   0x00000000000004c0       0x60 build/pwm.o
 .debug_frame   0x0000000000000520       0x94 build/sched.o
 .debug_frame   0x00000000000005b4       0x24 build/util.o
 .debug_frame   0x00000000000005d8       0x44 build/kmain.o

.debug_ranges   0x0000000000000000       0x18
 .debug_ranges  0x0000000000000000       0x18 build/sched.o
