
Allocating common symbols
Common symbol       size              file

sp_svc              0x4               build/syscall.o
kernel_heap_limit   0x4               build/kheap.o
kmain_process       0x5c              build/sched.o
kernel_heap_top     0x4               build/kheap.o
current_process     0x4               build/sched.o
terminated_process  0x4               build/sched.o
uart_error          0x4               build/uart.o

Memory Configuration

Name             Origin             Length             Attributes
RAM              0x0000000000008000 0x000000001fff8000
PERIPHERALS      0x0000000020000000 0x0000000000ffffff
*default*        0x0000000000000000 0xffffffffffffffff

Linker script and memory map

LOAD build/kheap.o
LOAD build/syscall.o
LOAD build/vmem.o
LOAD build/hw.o
LOAD build/uart.o
LOAD build/sched.o
LOAD build/pwm.o
LOAD build/asm_tools.o
LOAD build/util.o
LOAD build/init.o
LOAD build/kmain.o
                0x0000000000000200                KERNEL_STACK_SIZE = 0x200
                0x0000000000000200                SYS_STACK_SIZE = 0x200
                0x0000000000000200                IRQ_STACK_SIZE = 0x200
                0x0000000000100000                USER_STACKS_SIZE = 0x100000

.text           0x0000000000008000     0x20a8
 build/init.o(.text*)
 .text          0x0000000000008000        0x0 build/init.o
 .text.boot     0x0000000000008000       0xd0 build/init.o
                0x0000000000008040                _start
                0x00000000000080a8                io_halt
 *(.text*)
 .text          0x00000000000080d0      0x390 build/kheap.o
                0x00000000000080d0                aligned_value
                0x000000000000811c                kAlloc_aligned
                0x00000000000082e4                kAlloc
                0x00000000000083e0                kFree
                0x0000000000008430                kheap_init
 .text          0x0000000000008460      0x7b0 build/syscall.o
                0x0000000000008460                C_swi_handler
                0x00000000000084fc                C_irq_handler
                0x0000000000008524                sys_reboot
                0x0000000000008534                do_sys_reboot
                0x0000000000008540                sys_nop
                0x0000000000008550                do_sys_nop
                0x0000000000008558                sys_settime
                0x000000000000857c                do_sys_settime
                0x00000000000085ac                sys_gettime
                0x00000000000085d4                do_sys_gettime
                0x0000000000008634                sys_yieldto
                0x0000000000008658                do_sys_yieldto
                0x00000000000087d0                sys_yield
                0x00000000000087e0                do_sys_yield
                0x0000000000008938                sys_exit
                0x000000000000895c                do_sys_exit
                0x0000000000008a4c                do_sys_irq_yield
 .text          0x0000000000008c10      0x30c build/vmem.o
                0x0000000000008c10                vmem_init
                0x0000000000008c30                init_kern_translation_table
                0x0000000000008ebc                start_mmu_C
                0x0000000000008ef0                configure_mmu_C
 .text          0x0000000000008f1c      0x454 build/hw.o
                0x0000000000008f1c                divide
                0x0000000000008fd4                get_date_ms
                0x0000000000008ff8                set_date_ms
                0x000000000000909c                routing_core0cntv_to_core0irq
                0x00000000000090b8                read_core0timer_pending
                0x00000000000090e0                enable_cntv
                0x0000000000009100                disable_cntv
                0x0000000000009120                write_cntv_tval
                0x000000000000913c                read_cntfrq
                0x0000000000009158                clear_and_set_timer
                0x000000000000918c                timer_init
                0x00000000000091a4                led_on
                0x00000000000091e4                led_off
                0x0000000000009224                led_switch
                0x0000000000009254                led_status
                0x0000000000009268                led_init
                0x00000000000092a0                led_blink
                0x0000000000009338                hw_init
                0x000000000000934c                terminate_kernel
 .text          0x0000000000009370      0x664 build/uart.o
                0x0000000000009370                uart_init
                0x00000000000094a4                uart_send_str
                0x0000000000009540                uart_send_int
                0x0000000000009714                uart_receive_str
                0x00000000000097f0                uart_receive_int
                0x00000000000099a0                uart_is_receive_fifo_empty
 .text          0x00000000000099d4      0x3a0 build/sched.o
                0x00000000000099d4                sched_init
                0x0000000000009a24                create_process
                0x0000000000009b74                elect
                0x0000000000009c54                start_current_process
                0x0000000000009c88                insert_terminated_pcb
 .text          0x0000000000009d74      0x24c build/pwm.o
                0x0000000000009f2c                audio_test
 .text          0x0000000000009fc0       0x48 build/asm_tools.o
                0x0000000000009fc0                Set32
                0x0000000000009fc8                Get32
                0x0000000000009fd0                delay
                0x0000000000009fe4                memory_barrier
                0x0000000000009ffc                invalidate_cache
 .text          0x000000000000a008       0x10 build/util.o
                0x000000000000a008                kernel_panic
 .text          0x000000000000a018       0x90 build/kmain.o
                0x000000000000a018                user_process_1
                0x000000000000a034                user_process_2
                0x000000000000a050                user_process_3
                0x000000000000a06c                kmain
                0x000000000000a0a8                __bss_start = .

.glue_7         0x000000000000a0a8        0x0
 .glue_7        0x000000000000a0a8        0x0 linker stubs

.glue_7t        0x000000000000a0a8        0x0
 .glue_7t       0x000000000000a0a8        0x0 linker stubs

.vfp11_veneer   0x000000000000a0a8        0x0
 .vfp11_veneer  0x000000000000a0a8        0x0 linker stubs

.v4_bx          0x000000000000a0a8        0x0
 .v4_bx         0x000000000000a0a8        0x0 linker stubs

.iplt           0x000000000000a0a8        0x0
 .iplt          0x000000000000a0a8        0x0 build/kheap.o

.bss            0x000000000000a0a8       0x80
 *(.bss*)
 .bss           0x000000000000a0a8        0x4 build/kheap.o
                0x000000000000a0a8                freelist
 .bss           0x000000000000a0ac        0x0 build/syscall.o
 .bss           0x000000000000a0ac        0x0 build/vmem.o
 .bss           0x000000000000a0ac        0x8 build/hw.o
 .bss           0x000000000000a0b4        0x0 build/uart.o
 .bss           0x000000000000a0b4        0x0 build/sched.o
 .bss           0x000000000000a0b4        0x0 build/pwm.o
 .bss           0x000000000000a0b4        0x0 build/asm_tools.o
 .bss           0x000000000000a0b4        0x0 build/util.o
 .bss           0x000000000000a0b4        0x0 build/init.o
 .bss           0x000000000000a0b4        0x0 build/kmain.o
 COMMON         0x000000000000a0b4        0x8 build/kheap.o
                0x000000000000a0b4                kernel_heap_limit
                0x000000000000a0b8                kernel_heap_top
 COMMON         0x000000000000a0bc        0x4 build/syscall.o
                0x000000000000a0bc                sp_svc
 COMMON         0x000000000000a0c0        0x4 build/uart.o
                0x000000000000a0c0                uart_error
 COMMON         0x000000000000a0c4       0x64 build/sched.o
                0x000000000000a0c4                kmain_process
                0x000000000000a120                current_process
                0x000000000000a124                terminated_process
                0x000000000000a128                __bss_end__ = .
                0x000000000000a128                __rodata_start__ = .

.rodata         0x000000000000a128       0x50
 *(.rodata*)
 .rodata        0x000000000000a128        0xe build/syscall.o
 *fill*         0x000000000000a136        0x2 
 .rodata        0x000000000000a138       0x15 build/hw.o
 *fill*         0x000000000000a14d        0x3 
 .rodata        0x000000000000a150       0x28 build/uart.o
                0x000000000000a178                __rodata_end__ = .
                0x000000000000a178                __data_start__ = .

.rel.dyn        0x000000000000a178        0x0
 .rel.iplt      0x000000000000a178        0x0 build/kheap.o

.data           0x000000000000a178        0xc
 *(.data)
 .data          0x000000000000a178        0x0 build/kheap.o
 .data          0x000000000000a178        0x0 build/syscall.o
 .data          0x000000000000a178        0x0 build/vmem.o
 .data          0x000000000000a178        0x0 build/hw.o
 .data          0x000000000000a178        0x0 build/uart.o
 .data          0x000000000000a178        0x0 build/sched.o
 .data          0x000000000000a178        0xc build/pwm.o
 .data          0x000000000000a184        0x0 build/asm_tools.o
 .data          0x000000000000a184        0x0 build/util.o
 .data          0x000000000000a184        0x0 build/init.o
 .data          0x000000000000a184        0x0 build/kmain.o
                0x000000000000a184                __data_end__ = .

.igot.plt       0x000000000000a184        0x0
 .igot.plt      0x000000000000a184        0x0 build/kheap.o

.stack          0x000000000000a184      0x600
                0x000000000000a184                __stack_start__ = .
                0x000000000000a384                . = (. + KERNEL_STACK_SIZE)
 *fill*         0x000000000000a184      0x200 
                0x000000000000a384                . = ALIGN (0x4)
                0x000000000000a384                __svc_stack_end__ = .
                0x000000000000a584                . = (. + SYS_STACK_SIZE)
 *fill*         0x000000000000a384      0x200 
                0x000000000000a584                . = ALIGN (0x4)
                0x000000000000a584                __sys_stack_end__ = .
                0x000000000000a784                . = (. + IRQ_STACK_SIZE)
 *fill*         0x000000000000a584      0x200 
                0x000000000000a784                . = ALIGN (0x4)
                0x000000000000a784                __irq_stack_end__ = .
                0x000000000000a784                __stacks_end__ = .
                0x000000000000b000                . = ALIGN (0x1000)
                0x000000000000b000                __kernel_heap_start__ = .
                0x0000000000ffffff                . = 0xffffff
                0x0000000000ffffff                __kernel_heap_end__ = .
                0x0000000001000000                . = ALIGN (0x1000)
                0x0000000001000000                __after_kernel_heap__ = .
                0x0000000020000000                . = 0x20000000

.devices        0x0000000020000000   0xffffff
                0x0000000020000000                __devices_start__ = .
                0x0000000020ffffff                . = (. + 0xffffff)
 *fill*         0x0000000020000000   0xffffff 
                0x0000000020ffffff                __devices_end__ = .
OUTPUT(build/kernel.elf elf32-littlearm)

.debug_info     0x0000000000000000     0x14d7
 .debug_info    0x0000000000000000      0x2cc build/kheap.o
 .debug_info    0x00000000000002cc      0x44f build/syscall.o
 .debug_info    0x000000000000071b      0x19d build/vmem.o
 .debug_info    0x00000000000008b8      0x394 build/hw.o
 .debug_info    0x0000000000000c4c      0x266 build/uart.o
 .debug_info    0x0000000000000eb2      0x2a2 build/sched.o
 .debug_info    0x0000000000001154      0x153 build/pwm.o
 .debug_info    0x00000000000012a7       0x26 build/asm_tools.o
 .debug_info    0x00000000000012cd       0x6c build/util.o
 .debug_info    0x0000000000001339       0x26 build/init.o
 .debug_info    0x000000000000135f      0x178 build/kmain.o

.debug_abbrev   0x0000000000000000      0x99e
 .debug_abbrev  0x0000000000000000      0x154 build/kheap.o
 .debug_abbrev  0x0000000000000154      0x192 build/syscall.o
 .debug_abbrev  0x00000000000002e6       0xc8 build/vmem.o
 .debug_abbrev  0x00000000000003ae      0x1a7 build/hw.o
 .debug_abbrev  0x0000000000000555      0x117 build/uart.o
 .debug_abbrev  0x000000000000066c      0x146 build/sched.o
 .debug_abbrev  0x00000000000007b2       0xbe build/pwm.o
 .debug_abbrev  0x0000000000000870       0x14 build/asm_tools.o
 .debug_abbrev  0x0000000000000884       0x5c build/util.o
 .debug_abbrev  0x00000000000008e0       0x14 build/init.o
 .debug_abbrev  0x00000000000008f4       0xaa build/kmain.o

.debug_aranges  0x0000000000000000      0x160
 .debug_aranges
                0x0000000000000000       0x20 build/kheap.o
 .debug_aranges
                0x0000000000000020       0x20 build/syscall.o
 .debug_aranges
                0x0000000000000040       0x20 build/vmem.o
 .debug_aranges
                0x0000000000000060       0x20 build/hw.o
 .debug_aranges
                0x0000000000000080       0x20 build/uart.o
 .debug_aranges
                0x00000000000000a0       0x20 build/sched.o
 .debug_aranges
                0x00000000000000c0       0x20 build/pwm.o
 .debug_aranges
                0x00000000000000e0       0x20 build/asm_tools.o
 .debug_aranges
                0x0000000000000100       0x20 build/util.o
 .debug_aranges
                0x0000000000000120       0x20 build/init.o
 .debug_aranges
                0x0000000000000140       0x20 build/kmain.o

.debug_line     0x0000000000000000      0x8b8
 .debug_line    0x0000000000000000       0xed build/kheap.o
 .debug_line    0x00000000000000ed      0x1aa build/syscall.o
 .debug_line    0x0000000000000297      0x11d build/vmem.o
 .debug_line    0x00000000000003b4      0x104 build/hw.o
 .debug_line    0x00000000000004b8      0x102 build/uart.o
 .debug_line    0x00000000000005ba       0xdc build/sched.o
 .debug_line    0x0000000000000696       0x84 build/pwm.o
 .debug_line    0x000000000000071a       0x4e build/asm_tools.o
 .debug_line    0x0000000000000768       0x3d build/util.o
 .debug_line    0x00000000000007a5       0x6c build/init.o
 .debug_line    0x0000000000000811       0xa7 build/kmain.o

.debug_str      0x0000000000000000      0x760
 .debug_str     0x0000000000000000      0x24d build/kheap.o
                                        0x28d (size before relaxing)
 .debug_str     0x000000000000024d       0xfb build/syscall.o
                                        0x35f (size before relaxing)
 .debug_str     0x0000000000000348       0x89 build/vmem.o
                                        0x289 (size before relaxing)
 .debug_str     0x00000000000003d1      0x173 build/hw.o
                                        0x2e9 (size before relaxing)
 .debug_str     0x0000000000000544       0xb2 build/uart.o
                                        0x20c (size before relaxing)
 .debug_str     0x00000000000005f6       0x92 build/sched.o
                                        0x2e4 (size before relaxing)
 .debug_str     0x0000000000000688       0x4d build/pwm.o
                                        0x1a9 (size before relaxing)
 .debug_str     0x00000000000006d5       0x1f build/asm_tools.o
                                         0x51 (size before relaxing)
 .debug_str     0x00000000000006f4       0x26 build/util.o
                                         0xec (size before relaxing)
 .debug_str     0x000000000000071a        0xb build/init.o
                                         0x4c (size before relaxing)
 .debug_str     0x0000000000000725       0x3b build/kmain.o
                                        0x23b (size before relaxing)

.comment        0x0000000000000000       0x5a
 .comment       0x0000000000000000       0x5a build/kheap.o
                                         0x5b (size before relaxing)
 .comment       0x000000000000005a       0x5b build/syscall.o
 .comment       0x000000000000005a       0x5b build/vmem.o
 .comment       0x000000000000005a       0x5b build/hw.o
 .comment       0x000000000000005a       0x5b build/uart.o
 .comment       0x000000000000005a       0x5b build/sched.o
 .comment       0x000000000000005a       0x5b build/pwm.o
 .comment       0x000000000000005a       0x5b build/util.o
 .comment       0x000000000000005a       0x5b build/kmain.o

.ARM.attributes
                0x0000000000000000       0x39
 .ARM.attributes
                0x0000000000000000       0x3b build/kheap.o
 .ARM.attributes
                0x000000000000003b       0x3b build/syscall.o
 .ARM.attributes
                0x0000000000000076       0x3b build/vmem.o
 .ARM.attributes
                0x00000000000000b1       0x3b build/hw.o
 .ARM.attributes
                0x00000000000000ec       0x3b build/uart.o
 .ARM.attributes
                0x0000000000000127       0x3b build/sched.o
 .ARM.attributes
                0x0000000000000162       0x3b build/pwm.o
 .ARM.attributes
                0x000000000000019d       0x12 build/asm_tools.o
 .ARM.attributes
                0x00000000000001af       0x3b build/util.o
 .ARM.attributes
                0x00000000000001ea       0x16 build/init.o
 .ARM.attributes
                0x0000000000000200       0x3b build/kmain.o

.debug_frame    0x0000000000000000      0x6e4
 .debug_frame   0x0000000000000000       0x9c build/kheap.o
 .debug_frame   0x000000000000009c      0x184 build/syscall.o
 .debug_frame   0x0000000000000220       0x7c build/vmem.o
 .debug_frame   0x000000000000029c      0x21c build/hw.o
 .debug_frame   0x00000000000004b8       0xb0 build/uart.o
 .debug_frame   0x0000000000000568       0x94 build/sched.o
 .debug_frame   0x00000000000005fc       0x60 build/pwm.o
 .debug_frame   0x000000000000065c       0x24 build/util.o
 .debug_frame   0x0000000000000680       0x64 build/kmain.o

.debug_ranges   0x0000000000000000       0x18
 .debug_ranges  0x0000000000000000       0x18 build/sched.o
